<!doctype html public "-//w3c//dtd html 4.0 transitional//en">
<html><head>
<title>Static Call Graph - [.\STM32L431RxTx\STM32L431RxTx.axf]</title></head>
<body><HR>
<H1>Static Call Graph for image .\STM32L431RxTx\STM32L431RxTx.axf</H1><HR>
<BR><P>#&#060CALLGRAPH&#062# ARM Linker, 5060750: Last Updated: Sat Apr 01 19:50:05 2023
<BR><P>
<H3>Maximum Stack Usage =       3464 bytes + Unknown(Functions without stacksize, Cycles, Untraceable Function Pointers)</H3><H3>
Call chain for Maximum Stack Depth:</H3>
pack_sha256_rsa2048_check &rArr; mbedtls_rsa_pkcs1_verify &rArr; mbedtls_rsa_rsassa_pss_verify &rArr; mbedtls_rsa_rsassa_pss_verify_ext &rArr; mbedtls_rsa_private &rArr; rsa_prepare_blinding &rArr; mbedtls_mpi_exp_mod &rArr; mbedtls_mpi_mod_mpi &rArr; mbedtls_mpi_div_mpi &rArr; mbedtls_mpi_mul_int &rArr; mbedtls_mpi_mul_mpi &rArr; mbedtls_mpi_copy &rArr; mbedtls_mpi_grow &rArr; mbedtls_mpi_zeroize
<P>
<H3>
Functions with no stack information
</H3><UL>
 <LI><a href="#[0]">Reset_Handler</a>
 <LI><a href="#[137]">LOS_StartToRun</a>
 <LI><a href="#[fb]">LOS_IntLock</a>
 <LI><a href="#[3a0]">LOS_IntUnLock</a>
 <LI><a href="#[fc]">LOS_IntRestore</a>
 <LI><a href="#[12e]">osTaskSchedule</a>
 <LI><a href="#[2]">PendSV_Handler</a>
</UL>
</UL>
<P>
<H3>
Mutually Recursive functions
</H3> <LI><a href="#[22f]">free_multi_option</a>&nbsp;&nbsp;&nbsp;&rArr;&nbsp;&nbsp;&nbsp;<a href="#[22f]">free_multi_option</a><BR>
 <LI><a href="#[2a8]">tlv_serialize</a>&nbsp;&nbsp;&nbsp;&rArr;&nbsp;&nbsp;&nbsp;<a href="#[2a8]">tlv_serialize</a><BR>
 <LI><a href="#[380]">prv_getLength</a>&nbsp;&nbsp;&nbsp;&rArr;&nbsp;&nbsp;&nbsp;<a href="#[380]">prv_getLength</a><BR>
 <LI><a href="#[24f]">prv_serializeLinkData</a>&nbsp;&nbsp;&nbsp;&rArr;&nbsp;&nbsp;&nbsp;<a href="#[24f]">prv_serializeLinkData</a><BR>
 <LI><a href="#[256]">lwm2m_data_free</a>&nbsp;&nbsp;&nbsp;&rArr;&nbsp;&nbsp;&nbsp;<a href="#[256]">lwm2m_data_free</a><BR>
 <LI><a href="#[2a6]">tlv_parse</a>&nbsp;&nbsp;&nbsp;&rArr;&nbsp;&nbsp;&nbsp;<a href="#[2a6]">tlv_parse</a><BR>
 <LI><a href="#[16a]">lwm2m_list_free</a>&nbsp;&nbsp;&nbsp;&rArr;&nbsp;&nbsp;&nbsp;<a href="#[16a]">lwm2m_list_free</a><BR>
</UL>
<P>
<H3>
Function Pointers
</H3><UL>
 <LI><a href="#[2]">PendSV_Handler</a> from los_dispatch_keil.o(.text) referenced 2 times from los_hwi.o(.data.vector)
 <LI><a href="#[0]">Reset_Handler</a> from los_startup_keil.o(RESET) referenced 2 times from los_hwi.o(.data.vector)
 <LI><a href="#[0]">Reset_Handler</a> from los_startup_keil.o(RESET) referenced from los_startup_keil.o(RESET)
 <LI><a href="#[19]">SystemInit</a> from system_stm32l4xx.o(i.SystemInit) referenced from los_startup_keil.o(RESET)
 <LI><a href="#[1a]">__main</a> from entry.o(.ARM.Collect$$$$00000000) referenced from los_startup_keil.o(RESET)
 <LI><a href="#[1d]">_sbackspace</a> from _sgetc.o(.text) referenced from __0sscanf.o(.text)
 <LI><a href="#[1e]">_scanf_char_input</a> from scanf_char.o(.text) referenced from scanf_char.o(.text)
 <LI><a href="#[1c]">_sgetc</a> from _sgetc.o(.text) referenced from __0sscanf.o(.text)
 <LI><a href="#[23]">_snputc</a> from printfa.o(i._snputc) referenced from printfa.o(i.__0snprintf)
 <LI><a href="#[23]">_snputc</a> from printfa.o(i._snputc) referenced from printfa.o(i.__0vsnprintf)
 <LI><a href="#[24]">_sputc</a> from printfa.o(i._sputc) referenced from printfa.o(i.__0sprintf)
 <LI><a href="#[40]">app_data_report_collection</a> from agent_tiny_demo.o(i.app_data_report_collection) referenced from agent_tiny_demo.o(i.creat_collection_task)
 <LI><a href="#[13]">at_cmd</a> from at_main.o(i.at_cmd) referenced 2 times from at_main.o(.data)
 <LI><a href="#[18]">at_cmd_multi_suffix</a> from at_main.o(i.at_cmd_multi_suffix) referenced 2 times from at_main.o(.data)
 <LI><a href="#[17]">at_deinit</a> from at_main.o(i.at_deinit) referenced 2 times from at_main.o(.data)
 <LI><a href="#[15]">at_get_unuse_linkid</a> from at_main.o(i.at_get_unuse_linkid) referenced 2 times from at_main.o(.data)
 <LI><a href="#[12]">at_init</a> from at_main.o(i.at_init) referenced 2 times from at_main.o(.data)
 <LI><a href="#[29]">at_irq_handler</a> from at_hal.o(i.at_irq_handler) referenced from at_hal.o(i.at_usart_init)
 <LI><a href="#[16]">at_oob_register</a> from at_main.o(i.at_oob_register) referenced 2 times from at_main.o(.data)
 <LI><a href="#[41]">at_recv_task</a> from at_main.o(i.at_recv_task) referenced from at_main.o(i.create_at_recv_task)
 <LI><a href="#[14]">at_write</a> from at_main.o(i.at_write) referenced 2 times from at_main.o(.data)
 <LI><a href="#[2e]">atiny_clear_rpt_list</a> from atiny_rpt.o(i.atiny_clear_rpt_list) referenced from atiny_rpt.o(i.atiny_destroy_rpt)
 <LI><a href="#[2d]">atiny_clear_rpt_list_node_data</a> from atiny_rpt.o(i.atiny_clear_rpt_list_node_data) referenced from atiny_rpt.o(i.atiny_clear_rpt_data)
 <LI><a href="#[2d]">atiny_clear_rpt_list_node_data</a> from atiny_rpt.o(i.atiny_clear_rpt_list_node_data) referenced from atiny_rpt.o(i.atiny_clear_rpt_list)
 <LI><a href="#[2d]">atiny_clear_rpt_list_node_data</a> from atiny_rpt.o(i.atiny_clear_rpt_list_node_data) referenced from atiny_rpt.o(i.atiny_rm_rpt_uri)
 <LI><a href="#[2c]">atiny_connection_err_notify</a> from agenttiny.o(i.atiny_connection_err_notify) referenced from agenttiny.o(i.atiny_bind)
 <LI><a href="#[2b]">atiny_event_handle</a> from agenttiny.o(i.atiny_event_handle) referenced from agenttiny.o(i.atiny_bind)
 <LI><a href="#[30]">atiny_fota_downloaded_state_execute_update</a> from atiny_fota_state.o(i.atiny_fota_downloaded_state_execute_update) referenced from atiny_fota_state.o(i.atiny_fota_downloaded_state_init)
 <LI><a href="#[31]">atiny_fota_downloaded_state_recv_notify_ack</a> from atiny_fota_state.o(i.atiny_fota_downloaded_state_recv_notify_ack) referenced from atiny_fota_state.o(i.atiny_fota_downloaded_state_init)
 <LI><a href="#[32]">atiny_fota_downloading_state_finish_download</a> from atiny_fota_state.o(i.atiny_fota_downloading_state_finish_download) referenced from atiny_fota_state.o(i.atiny_fota_downloading_state_init)
 <LI><a href="#[33]">atiny_fota_downloading_state_recv_notify_ack</a> from atiny_fota_state.o(i.atiny_fota_downloading_state_recv_notify_ack) referenced from atiny_fota_state.o(i.atiny_fota_downloading_state_init)
 <LI><a href="#[35]">atiny_fota_idle_state_recv_notify_ack</a> from atiny_fota_state.o(i.atiny_fota_idle_state_recv_notify_ack) referenced from atiny_fota_state.o(i.atiny_fota_idle_state_init)
 <LI><a href="#[34]">atiny_fota_idle_state_report_result</a> from atiny_fota_state.o(i.atiny_fota_idle_state_report_result) referenced from atiny_fota_state.o(i.atiny_fota_idle_state_init)
 <LI><a href="#[38]">atiny_fota_manager_flag_read</a> from atiny_fota_manager.o(i.atiny_fota_manager_flag_read) referenced from atiny_fota_manager.o(i.atiny_fota_manager_set_storage_device)
 <LI><a href="#[39]">atiny_fota_manager_flag_write</a> from atiny_fota_manager.o(i.atiny_fota_manager_flag_write) referenced from atiny_fota_manager.o(i.atiny_fota_manager_set_storage_device)
 <LI><a href="#[36]">atiny_fota_manager_notify_ack_callback</a> from atiny_fota_manager.o(i.atiny_fota_manager_notify_ack_callback) referenced from atiny_fota_manager.o(i.atiny_fota_manager_get_data_cfg)
 <LI><a href="#[37]">atiny_fota_manager_update_notify</a> from atiny_fota_manager.o(i.atiny_fota_manager_update_notify) referenced from atiny_fota_manager.o(i.atiny_fota_manager_init)
 <LI><a href="#[2f]">atiny_fota_start_download</a> from atiny_fota_state.o(i.atiny_fota_start_download) referenced from atiny_fota_state.o(i.atiny_fota_downloaded_state_init)
 <LI><a href="#[2f]">atiny_fota_start_download</a> from atiny_fota_state.o(i.atiny_fota_start_download) referenced from atiny_fota_state.o(i.atiny_fota_idle_state_init)
 <LI><a href="#[3d]">atiny_fota_state_default_handle</a> from atiny_fota_state.o(i.atiny_fota_state_default_handle) referenced from atiny_fota_state.o(i.atiny_fota_state_init)
 <LI><a href="#[3b]">atiny_free</a> from atiny_osdep.o(i.atiny_free) referenced from atiny_fota_manager.o(i.atiny_fota_manager_set_storage_device)
 <LI><a href="#[3a]">atiny_malloc</a> from atiny_osdep.o(i.atiny_malloc) referenced from atiny_fota_manager.o(i.atiny_fota_manager_set_storage_device)
 <LI><a href="#[3e]">atiny_notify_stack_rpt_data_change</a> from atiny_rpt.o(i.atiny_notify_stack_rpt_data_change) referenced from atiny_rpt.o(i.atiny_step_rpt)
 <LI><a href="#[3c]">atiny_printf</a> from atiny_osdep.o(i.atiny_printf) referenced from atiny_fota_manager.o(i.atiny_fota_manager_set_storage_device)
 <LI><a href="#[3f]">atiny_task_entry</a> from user_task.o(i.atiny_task_entry) referenced from user_task.o(i.creat_agenttiny_task)
 <LI><a href="#[e]">calloc</a> from malloc.o(i.calloc) referenced 2 times from platform.o(.data)
 <LI><a href="#[6]">esp8266_bind</a> from esp8266.o(i.esp8266_bind) referenced 2 times from esp8266.o(.data)
 <LI><a href="#[b]">esp8266_close</a> from esp8266.o(i.esp8266_close) referenced 2 times from esp8266.o(.data)
 <LI><a href="#[42]">esp8266_cmd_match</a> from esp8266.o(i.esp8266_cmd_match) referenced from esp8266.o(i.esp8266_init)
 <LI><a href="#[7]">esp8266_connect</a> from esp8266.o(i.esp8266_connect) referenced 2 times from esp8266.o(.data)
 <LI><a href="#[43]">esp8266_data_handler</a> from esp8266.o(i.esp8266_data_handler) referenced from esp8266.o(i.esp8266_init)
 <LI><a href="#[d]">esp8266_deinit</a> from esp8266.o(i.esp8266_deinit) referenced 2 times from esp8266.o(.data)
 <LI><a href="#[5]">esp8266_get_localip</a> from esp8266.o(i.esp8266_get_localip) referenced 2 times from esp8266.o(.data)
 <LI><a href="#[4]">esp8266_get_localmac</a> from esp8266.o(i.esp8266_get_localmac) referenced 2 times from esp8266.o(.data)
 <LI><a href="#[3]">esp8266_init</a> from esp8266.o(i.esp8266_init) referenced 2 times from esp8266.o(.data)
 <LI><a href="#[a]">esp8266_recv</a> from esp8266.o(i.esp8266_recv) referenced 2 times from esp8266.o(.data)
 <LI><a href="#[c]">esp8266_recv_cb</a> from esp8266.o(i.esp8266_recv_cb) referenced 2 times from esp8266.o(.data)
 <LI><a href="#[9]">esp8266_recv_timeout</a> from esp8266.o(i.esp8266_recv_timeout) referenced 2 times from esp8266.o(.data)
 <LI><a href="#[8]">esp8266_send</a> from esp8266.o(i.esp8266_send) referenced 2 times from esp8266.o(.data)
 <LI><a href="#[44]">firmware_download_reply</a> from firmware_update.o(i.firmware_download_reply) referenced from firmware_update.o(i.firmware_download_reply)
 <LI><a href="#[44]">firmware_download_reply</a> from firmware_update.o(i.firmware_download_reply) referenced from firmware_update.o(i.start_firmware_download)
 <LI><a href="#[22]">fputc</a> from usart.o(i.fputc) referenced from printfa.o(i.__0fprintf)
 <LI><a href="#[22]">fputc</a> from usart.o(i.fputc) referenced from printfa.o(i.__0printf)
 <LI><a href="#[f]">free</a> from malloc.o(i.free) referenced 2 times from platform.o(.data)
 <LI><a href="#[5b]">hal_read_flash</a> from ota_port.o(i.hal_read_flash) referenced from ota_port.o(i.hal_get_ota_opt)
 <LI><a href="#[5c]">hal_write_flash</a> from ota_port.o(i.hal_write_flash) referenced from ota_port.o(i.hal_get_ota_opt)
 <LI><a href="#[1f]">isspace</a> from isspace_o.o(.text) referenced from scanf_char.o(.text)
 <LI><a href="#[66]">local_calloc</a> from package.o(i.local_calloc) referenced from package.o(i.pack_init_device)
 <LI><a href="#[1b]">main</a> from main.o(i.main) referenced from entry9a.o(.ARM.Collect$$$$0000000B)
 <LI><a href="#[2a]">observe_handle_ack</a> from agenttiny.o(i.observe_handle_ack) referenced from agenttiny.o(i.atiny_bind)
 <LI><a href="#[1]">osHwiDefaultHandler</a> from los_hwi.o(i.osHwiDefaultHandler) referenced 16 times from los_hwi.o(.data.vector)
 <LI><a href="#[1]">osHwiDefaultHandler</a> from los_hwi.o(i.osHwiDefaultHandler) referenced from los_hwi.o(i.LOS_HwiCreate)
 <LI><a href="#[1]">osHwiDefaultHandler</a> from los_hwi.o(i.osHwiDefaultHandler) referenced from los_hwi.o(i.osHwiInit)
 <LI><a href="#[21]">osIdleTask</a> from los_task.o(i.osIdleTask) referenced from los_task.o(i.LOS_TaskCreateOnly)
 <LI><a href="#[21]">osIdleTask</a> from los_task.o(i.osIdleTask) referenced from los_task.o(i.osIdleTaskCreate)
 <LI><a href="#[20]">osInterrupt</a> from los_hwi.o(i.osInterrupt) referenced from los_hwi.o(i.LOS_HwiCreate)
 <LI><a href="#[20]">osInterrupt</a> from los_hwi.o(i.osInterrupt) referenced from los_hw_tick.o(i.osTickStart)
 <LI><a href="#[5d]">osSwTmrTask</a> from los_swtmr.o(i.osSwTmrTask) referenced from los_swtmr.o(i.osSwTmrTaskCreate)
 <LI><a href="#[61]">osTaskEntry</a> from los_task.o(i.osTaskEntry) referenced from los_hw.o(i.osTskStackInit)
 <LI><a href="#[60]">osTaskExit</a> from los_hw.o(i.osTaskExit) referenced from los_hw.o(i.osTskStackInit)
 <LI><a href="#[5e]">osTaskSwitchCheck</a> from los_task.o(i.osTaskSwitchCheck) referenced from los_task.o(i.osTaskMonInit)
 <LI><a href="#[5f]">osTickHandler</a> from los_tick.o(i.osTickHandler) referenced from los_hw_tick.o(i.osTickStart)
 <LI><a href="#[65]">pack_get_block_size</a> from package.o(i.pack_get_block_size) referenced from package.o(i.pack_init_device)
 <LI><a href="#[7d]">pack_head_handle_bin_type_tlv</a> from package_head.o(i.pack_head_handle_bin_type_tlv) referenced from package_head.o(.constdata)
 <LI><a href="#[7c]">pack_head_handle_checksum_tlv</a> from package_head.o(i.pack_head_handle_checksum_tlv) referenced from package_head.o(.constdata)
 <LI><a href="#[62]">pack_read_software</a> from package.o(i.pack_read_software) referenced from package.o(i.pack_init_device)
 <LI><a href="#[64]">pack_set_flash_type</a> from package.o(i.pack_set_flash_type) referenced from package.o(i.pack_init_device)
 <LI><a href="#[6c]">pack_sha256_check</a> from package_checksum.o(i.pack_sha256_check) referenced from package_checksum.o(i.pack_sha256_init)
 <LI><a href="#[6d]">pack_sha256_destroy</a> from package_checksum.o(i.pack_sha256_destroy) referenced from package_checksum.o(i.pack_sha256_init)
 <LI><a href="#[6a]">pack_sha256_reset</a> from package_checksum.o(i.pack_sha256_reset) referenced from package_checksum.o(i.pack_sha256_init)
 <LI><a href="#[6e]">pack_sha256_rsa2048_check</a> from package_checksum.o(i.pack_sha256_rsa2048_check) referenced from package_checksum.o(i.pack_sha256_rsa2048_init)
 <LI><a href="#[6b]">pack_sha256_update</a> from package_checksum.o(i.pack_sha256_update) referenced from package_checksum.o(i.pack_sha256_init)
 <LI><a href="#[69]">pack_storage_active_software</a> from package.o(i.pack_storage_active_software) referenced from package.o(i.pack_init_pack_device)
 <LI><a href="#[67]">pack_storage_write_software</a> from package.o(i.pack_storage_write_software) referenced from package.o(i.pack_init_pack_device)
 <LI><a href="#[68]">pack_storage_write_software_end</a> from package.o(i.pack_storage_write_software_end) referenced from package.o(i.pack_init_pack_device)
 <LI><a href="#[63]">pack_write_software</a> from package.o(i.pack_write_software) referenced from package.o(i.pack_init_device)
 <LI><a href="#[11]">printf</a> from printfa.o(i.__0printf) referenced 2 times from platform.o(.data)
 <LI><a href="#[27]">prv_create</a> from object_access_control.o(i.prv_create) referenced from object_access_control.o(i.acc_ctrl_create_object)
 <LI><a href="#[49]">prv_create</a> from object_binary_app_data_container.o(i.prv_create) referenced from object_binary_app_data_container.o(i.get_binary_app_data_object)
 <LI><a href="#[28]">prv_delete</a> from object_access_control.o(i.prv_delete) referenced from object_access_control.o(i.acc_ctrl_create_object)
 <LI><a href="#[4a]">prv_delete</a> from object_binary_app_data_container.o(i.prv_delete) referenced from object_binary_app_data_container.o(i.get_binary_app_data_object)
 <LI><a href="#[4d]">prv_device_discover</a> from object_device.o(i.prv_device_discover) referenced from object_device.o(i.get_object_device)
 <LI><a href="#[4f]">prv_device_execute</a> from object_device.o(i.prv_device_execute) referenced from object_device.o(i.get_object_device)
 <LI><a href="#[4c]">prv_device_read</a> from object_device.o(i.prv_device_read) referenced from object_device.o(i.get_object_device)
 <LI><a href="#[4e]">prv_device_write</a> from object_device.o(i.prv_device_write) referenced from object_device.o(i.get_object_device)
 <LI><a href="#[46]">prv_discover</a> from object_binary_app_data_container.o(i.prv_discover) referenced from object_binary_app_data_container.o(i.get_binary_app_data_object)
 <LI><a href="#[48]">prv_exec</a> from object_binary_app_data_container.o(i.prv_exec) referenced from object_binary_app_data_container.o(i.get_binary_app_data_object)
 <LI><a href="#[52]">prv_firmware_execute</a> from object_firmware.o(i.prv_firmware_execute) referenced from object_firmware.o(i.get_object_firmware)
 <LI><a href="#[50]">prv_firmware_read</a> from object_firmware.o(i.prv_firmware_read) referenced from object_firmware.o(i.get_object_firmware)
 <LI><a href="#[51]">prv_firmware_write</a> from object_firmware.o(i.prv_firmware_write) referenced from object_firmware.o(i.get_object_firmware)
 <LI><a href="#[71]">prv_handleDeregistrationReply</a> from registration.o(i.prv_handleDeregistrationReply) referenced from registration.o(i.registration_deregister)
 <LI><a href="#[6f]">prv_handleRegistrationReply</a> from registration.o(i.prv_handleRegistrationReply) referenced from registration.o(i.prv_register)
 <LI><a href="#[70]">prv_handleRegistrationUpdateReply</a> from registration.o(i.prv_handleRegistrationUpdateReply) referenced from registration.o(i.prv_updateRegistration)
 <LI><a href="#[53]">prv_location_read</a> from object_location.o(i.prv_location_read) referenced from object_location.o(i.get_object_location)
 <LI><a href="#[25]">prv_read</a> from object_access_control.o(i.prv_read) referenced from object_access_control.o(i.acc_ctrl_create_object)
 <LI><a href="#[45]">prv_read</a> from object_binary_app_data_container.o(i.prv_read) referenced from object_binary_app_data_container.o(i.get_binary_app_data_object)
 <LI><a href="#[4b]">prv_read</a> from object_connectivity_moni.o(i.prv_read) referenced from object_connectivity_moni.o(i.get_object_conn_m)
 <LI><a href="#[54]">prv_security_read</a> from object_security.o(i.prv_security_read) referenced from object_security.o(i.get_security_object)
 <LI><a href="#[58]">prv_server_create</a> from object_server.o(i.prv_server_create) referenced from object_server.o(i.get_server_object)
 <LI><a href="#[59]">prv_server_delete</a> from object_server.o(i.prv_server_delete) referenced from object_server.o(i.get_server_object)
 <LI><a href="#[56]">prv_server_discover</a> from object_server.o(i.prv_server_discover) referenced from object_server.o(i.get_server_object)
 <LI><a href="#[5a]">prv_server_execute</a> from object_server.o(i.prv_server_execute) referenced from object_server.o(i.get_server_object)
 <LI><a href="#[55]">prv_server_read</a> from object_server.o(i.prv_server_read) referenced from object_server.o(i.get_server_object)
 <LI><a href="#[57]">prv_server_write</a> from object_server.o(i.prv_server_write) referenced from object_server.o(i.get_server_object)
 <LI><a href="#[26]">prv_write</a> from object_access_control.o(i.prv_write) referenced from object_access_control.o(i.acc_ctrl_create_object)
 <LI><a href="#[47]">prv_write</a> from object_binary_app_data_container.o(i.prv_write) referenced from object_binary_app_data_container.o(i.get_binary_app_data_object)
 <LI><a href="#[78]">sha224_clone_wrap</a> from md_wrap.o(i.sha224_clone_wrap) referenced 2 times from md_wrap.o(.constdata)
 <LI><a href="#[76]">sha224_ctx_alloc</a> from md_wrap.o(i.sha224_ctx_alloc) referenced 2 times from md_wrap.o(.constdata)
 <LI><a href="#[77]">sha224_ctx_free</a> from md_wrap.o(i.sha224_ctx_free) referenced 2 times from md_wrap.o(.constdata)
 <LI><a href="#[74]">sha224_finish_wrap</a> from md_wrap.o(i.sha224_finish_wrap) referenced 2 times from md_wrap.o(.constdata)
 <LI><a href="#[79]">sha224_process_wrap</a> from md_wrap.o(i.sha224_process_wrap) referenced 2 times from md_wrap.o(.constdata)
 <LI><a href="#[72]">sha224_starts_wrap</a> from md_wrap.o(i.sha224_starts_wrap) referenced from md_wrap.o(.constdata)
 <LI><a href="#[73]">sha224_update_wrap</a> from md_wrap.o(i.sha224_update_wrap) referenced 2 times from md_wrap.o(.constdata)
 <LI><a href="#[75]">sha224_wrap</a> from md_wrap.o(i.sha224_wrap) referenced from md_wrap.o(.constdata)
 <LI><a href="#[7a]">sha256_starts_wrap</a> from md_wrap.o(i.sha256_starts_wrap) referenced from md_wrap.o(.constdata)
 <LI><a href="#[7b]">sha256_wrap</a> from md_wrap.o(i.sha256_wrap) referenced from md_wrap.o(.constdata)
 <LI><a href="#[10]">snprintf</a> from printfa.o(i.__0snprintf) referenced 2 times from platform.o(.data)
</UL>
<P>
<H3>
Global Symbols
</H3>
<P><STRONG><a name="[0]"></a>Reset_Handler</STRONG> (Thumb, 0 bytes, Stack size unknown bytes, los_startup_keil.o(RESET))
<BR>[Address Reference Count : 2]<UL><LI> los_startup_keil.o(RESET)
<LI> los_hwi.o(.data.vector)
</UL>
<P><STRONG><a name="[1a]"></a>__main</STRONG> (Thumb, 0 bytes, Stack size unknown bytes, entry.o(.ARM.Collect$$$$00000000))
<BR>[Address Reference Count : 1]<UL><LI> los_startup_keil.o(RESET)
</UL>
<P><STRONG><a name="[39a]"></a>_main_stk</STRONG> (Thumb, 0 bytes, Stack size unknown bytes, entry3.o(.ARM.Collect$$$$00000002))

<P><STRONG><a name="[7e]"></a>_main_scatterload</STRONG> (Thumb, 0 bytes, Stack size unknown bytes, entry5.o(.ARM.Collect$$$$00000004))
<BR><BR>[Calls]<UL><LI><a href="#[7f]">&gt;&gt;</a>&nbsp;&nbsp;&nbsp;__scatterload
</UL>

<P><STRONG><a name="[9f]"></a>__main_after_scatterload</STRONG> (Thumb, 0 bytes, Stack size unknown bytes, entry5.o(.ARM.Collect$$$$00000004))
<BR><BR>[Called By]<UL><LI><a href="#[7f]">&gt;&gt;</a>&nbsp;&nbsp;&nbsp;__scatterload
</UL>

<P><STRONG><a name="[39b]"></a>_main_clock</STRONG> (Thumb, 0 bytes, Stack size unknown bytes, entry7b.o(.ARM.Collect$$$$00000008))

<P><STRONG><a name="[39c]"></a>_main_cpp_init</STRONG> (Thumb, 0 bytes, Stack size unknown bytes, entry8b.o(.ARM.Collect$$$$0000000A))

<P><STRONG><a name="[39d]"></a>_main_init</STRONG> (Thumb, 0 bytes, Stack size unknown bytes, entry9a.o(.ARM.Collect$$$$0000000B))

<P><STRONG><a name="[39e]"></a>__rt_final_cpp</STRONG> (Thumb, 0 bytes, Stack size unknown bytes, entry10a.o(.ARM.Collect$$$$0000000D))

<P><STRONG><a name="[39f]"></a>__rt_final_exit</STRONG> (Thumb, 0 bytes, Stack size unknown bytes, entry11a.o(.ARM.Collect$$$$0000000F))

<P><STRONG><a name="[137]"></a>LOS_StartToRun</STRONG> (Thumb, 0 bytes, Stack size unknown bytes, los_dispatch_keil.o(.text))
<BR><BR>[Called By]<UL><LI><a href="#[135]">&gt;&gt;</a>&nbsp;&nbsp;&nbsp;LOS_Start
</UL>

<P><STRONG><a name="[fb]"></a>LOS_IntLock</STRONG> (Thumb, 0 bytes, Stack size unknown bytes, los_dispatch_keil.o(.text))
<BR><BR>[Called By]<UL><LI><a href="#[121]">&gt;&gt;</a>&nbsp;&nbsp;&nbsp;LOS_MuxPost
<LI><a href="#[11c]">&gt;&gt;</a>&nbsp;&nbsp;&nbsp;LOS_MuxPend
<LI><a href="#[138]">&gt;&gt;</a>&nbsp;&nbsp;&nbsp;LOS_TaskCreate
<LI><a href="#[fa]">&gt;&gt;</a>&nbsp;&nbsp;&nbsp;LOS_HwiCreate
<LI><a href="#[249]">&gt;&gt;</a>&nbsp;&nbsp;&nbsp;delayus
<LI><a href="#[112]">&gt;&gt;</a>&nbsp;&nbsp;&nbsp;osHeapFree
<LI><a href="#[10d]">&gt;&gt;</a>&nbsp;&nbsp;&nbsp;osHeapAlloc
<LI><a href="#[f9]">&gt;&gt;</a>&nbsp;&nbsp;&nbsp;osSemCreate
<LI><a href="#[12a]">&gt;&gt;</a>&nbsp;&nbsp;&nbsp;osQueueOperate
<LI><a href="#[120]">&gt;&gt;</a>&nbsp;&nbsp;&nbsp;LOS_Schedule
<LI><a href="#[146]">&gt;&gt;</a>&nbsp;&nbsp;&nbsp;LOS_TaskNameGet
<LI><a href="#[139]">&gt;&gt;</a>&nbsp;&nbsp;&nbsp;LOS_TaskCreateOnly
<LI><a href="#[141]">&gt;&gt;</a>&nbsp;&nbsp;&nbsp;LOS_TaskYield
<LI><a href="#[144]">&gt;&gt;</a>&nbsp;&nbsp;&nbsp;LOS_TaskDelete
<LI><a href="#[134]">&gt;&gt;</a>&nbsp;&nbsp;&nbsp;LOS_SemPost
<LI><a href="#[133]">&gt;&gt;</a>&nbsp;&nbsp;&nbsp;LOS_SemPend
<LI><a href="#[130]">&gt;&gt;</a>&nbsp;&nbsp;&nbsp;LOS_SemDelete
<LI><a href="#[11a]">&gt;&gt;</a>&nbsp;&nbsp;&nbsp;LOS_MuxDelete
<LI><a href="#[116]">&gt;&gt;</a>&nbsp;&nbsp;&nbsp;LOS_MuxCreate
<LI><a href="#[140]">&gt;&gt;</a>&nbsp;&nbsp;&nbsp;LOS_TaskDelay
<LI><a href="#[126]">&gt;&gt;</a>&nbsp;&nbsp;&nbsp;LOS_QueueDelete
<LI><a href="#[123]">&gt;&gt;</a>&nbsp;&nbsp;&nbsp;LOS_QueueCreate
<LI><a href="#[20]">&gt;&gt;</a>&nbsp;&nbsp;&nbsp;osInterrupt
<LI><a href="#[111]">&gt;&gt;</a>&nbsp;&nbsp;&nbsp;osSlabMemFree
<LI><a href="#[10c]">&gt;&gt;</a>&nbsp;&nbsp;&nbsp;osSlabMemAlloc
<LI><a href="#[113]">&gt;&gt;</a>&nbsp;&nbsp;&nbsp;LOS_MemInit
<LI><a href="#[207]">&gt;&gt;</a>&nbsp;&nbsp;&nbsp;osKernelGetTickCount
</UL>

<P><STRONG><a name="[3a0]"></a>LOS_IntUnLock</STRONG> (Thumb, 0 bytes, Stack size unknown bytes, los_dispatch_keil.o(.text), UNUSED)

<P><STRONG><a name="[fc]"></a>LOS_IntRestore</STRONG> (Thumb, 0 bytes, Stack size unknown bytes, los_dispatch_keil.o(.text))
<BR><BR>[Called By]<UL><LI><a href="#[121]">&gt;&gt;</a>&nbsp;&nbsp;&nbsp;LOS_MuxPost
<LI><a href="#[11c]">&gt;&gt;</a>&nbsp;&nbsp;&nbsp;LOS_MuxPend
<LI><a href="#[138]">&gt;&gt;</a>&nbsp;&nbsp;&nbsp;LOS_TaskCreate
<LI><a href="#[fa]">&gt;&gt;</a>&nbsp;&nbsp;&nbsp;LOS_HwiCreate
<LI><a href="#[249]">&gt;&gt;</a>&nbsp;&nbsp;&nbsp;delayus
<LI><a href="#[112]">&gt;&gt;</a>&nbsp;&nbsp;&nbsp;osHeapFree
<LI><a href="#[10d]">&gt;&gt;</a>&nbsp;&nbsp;&nbsp;osHeapAlloc
<LI><a href="#[f9]">&gt;&gt;</a>&nbsp;&nbsp;&nbsp;osSemCreate
<LI><a href="#[12a]">&gt;&gt;</a>&nbsp;&nbsp;&nbsp;osQueueOperate
<LI><a href="#[120]">&gt;&gt;</a>&nbsp;&nbsp;&nbsp;LOS_Schedule
<LI><a href="#[146]">&gt;&gt;</a>&nbsp;&nbsp;&nbsp;LOS_TaskNameGet
<LI><a href="#[139]">&gt;&gt;</a>&nbsp;&nbsp;&nbsp;LOS_TaskCreateOnly
<LI><a href="#[141]">&gt;&gt;</a>&nbsp;&nbsp;&nbsp;LOS_TaskYield
<LI><a href="#[144]">&gt;&gt;</a>&nbsp;&nbsp;&nbsp;LOS_TaskDelete
<LI><a href="#[134]">&gt;&gt;</a>&nbsp;&nbsp;&nbsp;LOS_SemPost
<LI><a href="#[133]">&gt;&gt;</a>&nbsp;&nbsp;&nbsp;LOS_SemPend
<LI><a href="#[130]">&gt;&gt;</a>&nbsp;&nbsp;&nbsp;LOS_SemDelete
<LI><a href="#[11a]">&gt;&gt;</a>&nbsp;&nbsp;&nbsp;LOS_MuxDelete
<LI><a href="#[116]">&gt;&gt;</a>&nbsp;&nbsp;&nbsp;LOS_MuxCreate
<LI><a href="#[140]">&gt;&gt;</a>&nbsp;&nbsp;&nbsp;LOS_TaskDelay
<LI><a href="#[126]">&gt;&gt;</a>&nbsp;&nbsp;&nbsp;LOS_QueueDelete
<LI><a href="#[123]">&gt;&gt;</a>&nbsp;&nbsp;&nbsp;LOS_QueueCreate
<LI><a href="#[20]">&gt;&gt;</a>&nbsp;&nbsp;&nbsp;osInterrupt
<LI><a href="#[111]">&gt;&gt;</a>&nbsp;&nbsp;&nbsp;osSlabMemFree
<LI><a href="#[10c]">&gt;&gt;</a>&nbsp;&nbsp;&nbsp;osSlabMemAlloc
<LI><a href="#[113]">&gt;&gt;</a>&nbsp;&nbsp;&nbsp;LOS_MemInit
<LI><a href="#[207]">&gt;&gt;</a>&nbsp;&nbsp;&nbsp;osKernelGetTickCount
</UL>

<P><STRONG><a name="[12e]"></a>osTaskSchedule</STRONG> (Thumb, 0 bytes, Stack size unknown bytes, los_dispatch_keil.o(.text))
<BR><BR>[Called By]<UL><LI><a href="#[13b]">&gt;&gt;</a>&nbsp;&nbsp;&nbsp;osSchedule
<LI><a href="#[120]">&gt;&gt;</a>&nbsp;&nbsp;&nbsp;LOS_Schedule
</UL>

<P><STRONG><a name="[2]"></a>PendSV_Handler</STRONG> (Thumb, 0 bytes, Stack size unknown bytes, los_dispatch_keil.o(.text))
<BR>[Address Reference Count : 1]<UL><LI> los_hwi.o(.data.vector)
</UL>
<P><STRONG><a name="[80]"></a>__aeabi_uldivmod</STRONG> (Thumb, 98 bytes, Stack size 40 bytes, uldiv.o(.text))
<BR><BR>[Stack]<UL><LI>Max Depth = 40<LI>Call Chain = __aeabi_uldivmod
</UL>
<BR>[Calls]<UL><LI><a href="#[82]">&gt;&gt;</a>&nbsp;&nbsp;&nbsp;__aeabi_llsl
<LI><a href="#[81]">&gt;&gt;</a>&nbsp;&nbsp;&nbsp;__aeabi_llsr
</UL>
<BR>[Called By]<UL><LI><a href="#[2cd]">&gt;&gt;</a>&nbsp;&nbsp;&nbsp;mbedtls_int_div_int
<LI><a href="#[d5]">&gt;&gt;</a>&nbsp;&nbsp;&nbsp;UART_SetConfig
<LI><a href="#[2ae]">&gt;&gt;</a>&nbsp;&nbsp;&nbsp;lwm2m_gettime
<LI><a href="#[83]">&gt;&gt;</a>&nbsp;&nbsp;&nbsp;__aeabi_ldivmod
<LI><a href="#[1c6]">&gt;&gt;</a>&nbsp;&nbsp;&nbsp;atiny_get_timestamp
<LI><a href="#[157]">&gt;&gt;</a>&nbsp;&nbsp;&nbsp;_printf_core
<LI><a href="#[15c]">&gt;&gt;</a>&nbsp;&nbsp;&nbsp;_fp_digits
</UL>

<P><STRONG><a name="[83]"></a>__aeabi_ldivmod</STRONG> (Thumb, 98 bytes, Stack size 24 bytes, ldiv.o(.text))
<BR><BR>[Stack]<UL><LI>Max Depth = 64<LI>Call Chain = __aeabi_ldivmod &rArr; __aeabi_uldivmod
</UL>
<BR>[Calls]<UL><LI><a href="#[80]">&gt;&gt;</a>&nbsp;&nbsp;&nbsp;__aeabi_uldivmod
</UL>
<BR>[Called By]<UL><LI><a href="#[24c]">&gt;&gt;</a>&nbsp;&nbsp;&nbsp;utils_intToText
<LI><a href="#[1b3]">&gt;&gt;</a>&nbsp;&nbsp;&nbsp;atiny_set_current_time
<LI><a href="#[1b2]">&gt;&gt;</a>&nbsp;&nbsp;&nbsp;atiny_get_current_time
</UL>

<P><STRONG><a name="[82]"></a>__aeabi_llsl</STRONG> (Thumb, 30 bytes, Stack size 0 bytes, llshl.o(.text))
<BR><BR>[Called By]<UL><LI><a href="#[9b]">&gt;&gt;</a>&nbsp;&nbsp;&nbsp;__aeabi_d2ulz
<LI><a href="#[8c]">&gt;&gt;</a>&nbsp;&nbsp;&nbsp;__aeabi_dadd
<LI><a href="#[9a]">&gt;&gt;</a>&nbsp;&nbsp;&nbsp;__aeabi_d2lz
<LI><a href="#[80]">&gt;&gt;</a>&nbsp;&nbsp;&nbsp;__aeabi_uldivmod
<LI><a href="#[8e]">&gt;&gt;</a>&nbsp;&nbsp;&nbsp;_double_epilogue
</UL>

<P><STRONG><a name="[3a1]"></a>_ll_shift_l</STRONG> (Thumb, 0 bytes, Stack size 0 bytes, llshl.o(.text), UNUSED)

<P><STRONG><a name="[84]"></a>__rt_ctype_table</STRONG> (Thumb, 4 bytes, Stack size 0 bytes, ctype_o.o(.text))
<BR><BR>[Called By]<UL><LI><a href="#[1fc]">&gt;&gt;</a>&nbsp;&nbsp;&nbsp;lwm2m_stringToUri
<LI><a href="#[37d]">&gt;&gt;</a>&nbsp;&nbsp;&nbsp;prv_output_buffer
<LI><a href="#[1f]">&gt;&gt;</a>&nbsp;&nbsp;&nbsp;isspace
</UL>

<P><STRONG><a name="[1f]"></a>isspace</STRONG> (Thumb, 18 bytes, Stack size 8 bytes, isspace_o.o(.text))
<BR><BR>[Stack]<UL><LI>Max Depth = 8<LI>Call Chain = isspace
</UL>
<BR>[Calls]<UL><LI><a href="#[84]">&gt;&gt;</a>&nbsp;&nbsp;&nbsp;__rt_ctype_table
</UL>
<BR>[Address Reference Count : 1]<UL><LI> scanf_char.o(.text)
</UL>
<P><STRONG><a name="[3a2]"></a>____aeabi_memcpy8$ret$move</STRONG> (Thumb, 0 bytes, Stack size 8 bytes, memmove.o(.text), UNUSED)

<P><STRONG><a name="[3a3]"></a>___aeabi_memmove4$ret</STRONG> (Thumb, 0 bytes, Stack size 8 bytes, memmove.o(.text), UNUSED)

<P><STRONG><a name="[3a4]"></a>___aeabi_memmove8$ret</STRONG> (Thumb, 0 bytes, Stack size 8 bytes, memmove.o(.text), UNUSED)

<P><STRONG><a name="[186]"></a>__aeabi_memcpy</STRONG> (Thumb, 66 bytes, Stack size 8 bytes, memmove.o(.text))
<BR><BR>[Stack]<UL><LI>Max Depth = 8<LI>Call Chain = __aeabi_memcpy
</UL>
<BR>[Called By]<UL><LI><a href="#[279]">&gt;&gt;</a>&nbsp;&nbsp;&nbsp;flash_adaptor_write
<LI><a href="#[189]">&gt;&gt;</a>&nbsp;&nbsp;&nbsp;read_resp
<LI><a href="#[221]">&gt;&gt;</a>&nbsp;&nbsp;&nbsp;hal_rng_generate_buffer
<LI><a href="#[32e]">&gt;&gt;</a>&nbsp;&nbsp;&nbsp;osQueueBufferOperate
<LI><a href="#[5e]">&gt;&gt;</a>&nbsp;&nbsp;&nbsp;osTaskSwitchCheck
<LI><a href="#[9]">&gt;&gt;</a>&nbsp;&nbsp;&nbsp;esp8266_recv_timeout
<LI><a href="#[4]">&gt;&gt;</a>&nbsp;&nbsp;&nbsp;esp8266_get_localmac
<LI><a href="#[5]">&gt;&gt;</a>&nbsp;&nbsp;&nbsp;esp8266_get_localip
<LI><a href="#[43]">&gt;&gt;</a>&nbsp;&nbsp;&nbsp;esp8266_data_handler
<LI><a href="#[7]">&gt;&gt;</a>&nbsp;&nbsp;&nbsp;esp8266_connect
<LI><a href="#[30b]">&gt;&gt;</a>&nbsp;&nbsp;&nbsp;mbedtls_sha256_update
<LI><a href="#[24f]">&gt;&gt;</a>&nbsp;&nbsp;&nbsp;prv_serializeLinkData
<LI><a href="#[2a8]">&gt;&gt;</a>&nbsp;&nbsp;&nbsp;tlv_serialize
<LI><a href="#[24a]">&gt;&gt;</a>&nbsp;&nbsp;&nbsp;discover_serialize
<LI><a href="#[255]">&gt;&gt;</a>&nbsp;&nbsp;&nbsp;lwm2m_data_serialize
<LI><a href="#[2a7]">&gt;&gt;</a>&nbsp;&nbsp;&nbsp;prv_textSerialize
<LI><a href="#[2a2]">&gt;&gt;</a>&nbsp;&nbsp;&nbsp;prv_setBuffer
<LI><a href="#[22d]">&gt;&gt;</a>&nbsp;&nbsp;&nbsp;coap_block1_handler
<LI><a href="#[22c]">&gt;&gt;</a>&nbsp;&nbsp;&nbsp;coap_add_multi_option
<LI><a href="#[23a]">&gt;&gt;</a>&nbsp;&nbsp;&nbsp;coap_serialize_multi_option
<LI><a href="#[236]">&gt;&gt;</a>&nbsp;&nbsp;&nbsp;coap_serialize_array_option
<LI><a href="#[234]">&gt;&gt;</a>&nbsp;&nbsp;&nbsp;coap_parse_message
<LI><a href="#[23d]">&gt;&gt;</a>&nbsp;&nbsp;&nbsp;coap_set_header_token
<LI><a href="#[317]">&gt;&gt;</a>&nbsp;&nbsp;&nbsp;object_getRegisterPayload
<LI><a href="#[254]">&gt;&gt;</a>&nbsp;&nbsp;&nbsp;observe_handleRequest
<LI><a href="#[203]">&gt;&gt;</a>&nbsp;&nbsp;&nbsp;atiny_fota_manager_start_download
<LI><a href="#[37d]">&gt;&gt;</a>&nbsp;&nbsp;&nbsp;prv_output_buffer
<LI><a href="#[20f]">&gt;&gt;</a>&nbsp;&nbsp;&nbsp;get_server_object
<LI><a href="#[20e]">&gt;&gt;</a>&nbsp;&nbsp;&nbsp;get_security_object
<LI><a href="#[368]">&gt;&gt;</a>&nbsp;&nbsp;&nbsp;parse_firmware_uri
<LI><a href="#[395]">&gt;&gt;</a>&nbsp;&nbsp;&nbsp;record_fw_uri
<LI><a href="#[1ea]">&gt;&gt;</a>&nbsp;&nbsp;&nbsp;flag_write
<LI><a href="#[1f1]">&gt;&gt;</a>&nbsp;&nbsp;&nbsp;flag_read
<LI><a href="#[365]">&gt;&gt;</a>&nbsp;&nbsp;&nbsp;pack_wr_end_not_aligned_block
<LI><a href="#[361]">&gt;&gt;</a>&nbsp;&nbsp;&nbsp;pack_wr_begin_not_aligned
<LI><a href="#[354]">&gt;&gt;</a>&nbsp;&nbsp;&nbsp;pack_head_parse_head_len
<LI><a href="#[7c]">&gt;&gt;</a>&nbsp;&nbsp;&nbsp;pack_head_handle_checksum_tlv
<LI><a href="#[353]">&gt;&gt;</a>&nbsp;&nbsp;&nbsp;pack_head_parse
<LI><a href="#[17f]">&gt;&gt;</a>&nbsp;&nbsp;&nbsp;store_resp_buf
<LI><a href="#[16]">&gt;&gt;</a>&nbsp;&nbsp;&nbsp;at_oob_register
</UL>

<P><STRONG><a name="[170]"></a>__aeabi_memcpy4</STRONG> (Thumb, 0 bytes, Stack size 8 bytes, memmove.o(.text))
<BR><BR>[Stack]<UL><LI>Max Depth = 8<LI>Call Chain = __aeabi_memcpy4
</UL>
<BR>[Called By]<UL><LI><a href="#[3]">&gt;&gt;</a>&nbsp;&nbsp;&nbsp;esp8266_init
<LI><a href="#[30e]">&gt;&gt;</a>&nbsp;&nbsp;&nbsp;mbedtls_sha256_clone
<LI><a href="#[2d2]">&gt;&gt;</a>&nbsp;&nbsp;&nbsp;mbedtls_mpi_grow
<LI><a href="#[2d1]">&gt;&gt;</a>&nbsp;&nbsp;&nbsp;mbedtls_mpi_copy
<LI><a href="#[2e6]">&gt;&gt;</a>&nbsp;&nbsp;&nbsp;mpi_montmul
<LI><a href="#[2a6]">&gt;&gt;</a>&nbsp;&nbsp;&nbsp;tlv_parse
<LI><a href="#[261]">&gt;&gt;</a>&nbsp;&nbsp;&nbsp;observe_setParameters
<LI><a href="#[4c]">&gt;&gt;</a>&nbsp;&nbsp;&nbsp;prv_device_read
<LI><a href="#[4d]">&gt;&gt;</a>&nbsp;&nbsp;&nbsp;prv_device_discover
<LI><a href="#[4b]">&gt;&gt;</a>&nbsp;&nbsp;&nbsp;prv_read
<LI><a href="#[1cc]">&gt;&gt;</a>&nbsp;&nbsp;&nbsp;atiny_dequeue_rpt_data
<LI><a href="#[1fe]">&gt;&gt;</a>&nbsp;&nbsp;&nbsp;atiny_fota_manager_set_storage_device
<LI><a href="#[16d]">&gt;&gt;</a>&nbsp;&nbsp;&nbsp;atiny_init
<LI><a href="#[201]">&gt;&gt;</a>&nbsp;&nbsp;&nbsp;pack_init_device
<LI><a href="#[1f0]">&gt;&gt;</a>&nbsp;&nbsp;&nbsp;atiny_fota_idle_state_int_report_result
<LI><a href="#[56]">&gt;&gt;</a>&nbsp;&nbsp;&nbsp;prv_server_discover
<LI><a href="#[54]">&gt;&gt;</a>&nbsp;&nbsp;&nbsp;prv_security_read
<LI><a href="#[12]">&gt;&gt;</a>&nbsp;&nbsp;&nbsp;at_init
<LI><a href="#[18]">&gt;&gt;</a>&nbsp;&nbsp;&nbsp;at_cmd_multi_suffix
<LI><a href="#[206]">&gt;&gt;</a>&nbsp;&nbsp;&nbsp;location_get_velocity
</UL>

<P><STRONG><a name="[231]"></a>__aeabi_memmove</STRONG> (Thumb, 0 bytes, Stack size 8 bytes, memmove.o(.text))
<BR><BR>[Stack]<UL><LI>Max Depth = 8<LI>Call Chain = __aeabi_memmove
</UL>
<BR>[Called By]<UL><LI><a href="#[24c]">&gt;&gt;</a>&nbsp;&nbsp;&nbsp;utils_intToText
<LI><a href="#[233]">&gt;&gt;</a>&nbsp;&nbsp;&nbsp;coap_merge_multi_option
<LI><a href="#[230]">&gt;&gt;</a>&nbsp;&nbsp;&nbsp;coap_get_multi_option_as_string
<LI><a href="#[239]">&gt;&gt;</a>&nbsp;&nbsp;&nbsp;coap_serialize_message
</UL>

<P><STRONG><a name="[2c8]"></a>memcpy</STRONG> (Thumb, 0 bytes, Stack size 8 bytes, memmove.o(.text))
<BR><BR>[Stack]<UL><LI>Max Depth = 8<LI>Call Chain = memcpy
</UL>
<BR>[Called By]<UL><LI><a href="#[27f]">&gt;&gt;</a>&nbsp;&nbsp;&nbsp;lwm2m_strdup
</UL>

<P><STRONG><a name="[3a5]"></a>memmove</STRONG> (Thumb, 0 bytes, Stack size 8 bytes, memmove.o(.text), UNUSED)

<P><STRONG><a name="[86]"></a>__aeabi_memset</STRONG> (Thumb, 14 bytes, Stack size 0 bytes, memseta.o(.text))
<BR><BR>[Called By]<UL><LI><a href="#[13f]">&gt;&gt;</a>&nbsp;&nbsp;&nbsp;osTskStackInit
<LI><a href="#[87]">&gt;&gt;</a>&nbsp;&nbsp;&nbsp;_memset$wrapper
<LI><a href="#[85]">&gt;&gt;</a>&nbsp;&nbsp;&nbsp;__aeabi_memclr
</UL>

<P><STRONG><a name="[3a6]"></a>__aeabi_memset4</STRONG> (Thumb, 0 bytes, Stack size 0 bytes, memseta.o(.text), UNUSED)

<P><STRONG><a name="[3a7]"></a>__aeabi_memset8</STRONG> (Thumb, 0 bytes, Stack size 0 bytes, memseta.o(.text), UNUSED)

<P><STRONG><a name="[85]"></a>__aeabi_memclr</STRONG> (Thumb, 4 bytes, Stack size 0 bytes, memseta.o(.text))
<BR><BR>[Calls]<UL><LI><a href="#[86]">&gt;&gt;</a>&nbsp;&nbsp;&nbsp;__aeabi_memset
</UL>
<BR>[Called By]<UL><LI><a href="#[114]">&gt;&gt;</a>&nbsp;&nbsp;&nbsp;osHeapInit
<LI><a href="#[102]">&gt;&gt;</a>&nbsp;&nbsp;&nbsp;osTaskMonInit
<LI><a href="#[185]">&gt;&gt;</a>&nbsp;&nbsp;&nbsp;at_malloc
<LI><a href="#[2f5]">&gt;&gt;</a>&nbsp;&nbsp;&nbsp;mbedtls_mpi_write_binary
<LI><a href="#[31e]">&gt;&gt;</a>&nbsp;&nbsp;&nbsp;prv_init_forbidden
<LI><a href="#[22b]">&gt;&gt;</a>&nbsp;&nbsp;&nbsp;zalloc
<LI><a href="#[7c]">&gt;&gt;</a>&nbsp;&nbsp;&nbsp;pack_head_handle_checksum_tlv
<LI><a href="#[66]">&gt;&gt;</a>&nbsp;&nbsp;&nbsp;local_calloc
<LI><a href="#[41]">&gt;&gt;</a>&nbsp;&nbsp;&nbsp;at_recv_task
</UL>

<P><STRONG><a name="[168]"></a>__aeabi_memclr4</STRONG> (Thumb, 0 bytes, Stack size 0 bytes, memseta.o(.text))
<BR><BR>[Called By]<UL><LI><a href="#[1c8]">&gt;&gt;</a>&nbsp;&nbsp;&nbsp;hal_get_ota_opt
<LI><a href="#[328]">&gt;&gt;</a>&nbsp;&nbsp;&nbsp;osAlarmHeapInfo
<LI><a href="#[105]">&gt;&gt;</a>&nbsp;&nbsp;&nbsp;osQueueInit
<LI><a href="#[101]">&gt;&gt;</a>&nbsp;&nbsp;&nbsp;osTaskInit
<LI><a href="#[108]">&gt;&gt;</a>&nbsp;&nbsp;&nbsp;osIdleTaskCreate
<LI><a href="#[339]">&gt;&gt;</a>&nbsp;&nbsp;&nbsp;osSwTmrTaskCreate
<LI><a href="#[106]">&gt;&gt;</a>&nbsp;&nbsp;&nbsp;osSwTmrInit
<LI><a href="#[269]">&gt;&gt;</a>&nbsp;&nbsp;&nbsp;esp8266_show_dinfo
<LI><a href="#[26b]">&gt;&gt;</a>&nbsp;&nbsp;&nbsp;esp8266_set_mux_mode
<LI><a href="#[8]">&gt;&gt;</a>&nbsp;&nbsp;&nbsp;esp8266_send
<LI><a href="#[9]">&gt;&gt;</a>&nbsp;&nbsp;&nbsp;esp8266_recv_timeout
<LI><a href="#[26a]">&gt;&gt;</a>&nbsp;&nbsp;&nbsp;esp8266_joinap
<LI><a href="#[4]">&gt;&gt;</a>&nbsp;&nbsp;&nbsp;esp8266_get_localmac
<LI><a href="#[5]">&gt;&gt;</a>&nbsp;&nbsp;&nbsp;esp8266_get_localip
<LI><a href="#[7]">&gt;&gt;</a>&nbsp;&nbsp;&nbsp;esp8266_connect
<LI><a href="#[b]">&gt;&gt;</a>&nbsp;&nbsp;&nbsp;esp8266_close
<LI><a href="#[265]">&gt;&gt;</a>&nbsp;&nbsp;&nbsp;esp8266_choose_net_mode
<LI><a href="#[6]">&gt;&gt;</a>&nbsp;&nbsp;&nbsp;esp8266_bind
<LI><a href="#[2f8]">&gt;&gt;</a>&nbsp;&nbsp;&nbsp;mbedtls_rsa_init
<LI><a href="#[304]">&gt;&gt;</a>&nbsp;&nbsp;&nbsp;mgf_mask
<LI><a href="#[309]">&gt;&gt;</a>&nbsp;&nbsp;&nbsp;mbedtls_sha256_init
<LI><a href="#[2de]">&gt;&gt;</a>&nbsp;&nbsp;&nbsp;mbedtls_mpi_lset
<LI><a href="#[2e3]">&gt;&gt;</a>&nbsp;&nbsp;&nbsp;mbedtls_mpi_exp_mod
<LI><a href="#[2d1]">&gt;&gt;</a>&nbsp;&nbsp;&nbsp;mbedtls_mpi_copy
<LI><a href="#[2e6]">&gt;&gt;</a>&nbsp;&nbsp;&nbsp;mpi_montmul
<LI><a href="#[32a]">&gt;&gt;</a>&nbsp;&nbsp;&nbsp;osAtomicBitsetInit
<LI><a href="#[2cb]">&gt;&gt;</a>&nbsp;&nbsp;&nbsp;object_getServers
<LI><a href="#[20c]">&gt;&gt;</a>&nbsp;&nbsp;&nbsp;lwm2m_init
<LI><a href="#[24a]">&gt;&gt;</a>&nbsp;&nbsp;&nbsp;discover_serialize
<LI><a href="#[2a4]">&gt;&gt;</a>&nbsp;&nbsp;&nbsp;lwm2m_data_new
<LI><a href="#[3c]">&gt;&gt;</a>&nbsp;&nbsp;&nbsp;atiny_printf
<LI><a href="#[234]">&gt;&gt;</a>&nbsp;&nbsp;&nbsp;coap_parse_message
<LI><a href="#[26d]">&gt;&gt;</a>&nbsp;&nbsp;&nbsp;transaction_new
<LI><a href="#[232]">&gt;&gt;</a>&nbsp;&nbsp;&nbsp;coap_init_message
<LI><a href="#[1f4]">&gt;&gt;</a>&nbsp;&nbsp;&nbsp;lwm2m_send_notify
<LI><a href="#[324]">&gt;&gt;</a>&nbsp;&nbsp;&nbsp;prv_getWatcher
<LI><a href="#[260]">&gt;&gt;</a>&nbsp;&nbsp;&nbsp;prv_readAttributes
<LI><a href="#[378]">&gt;&gt;</a>&nbsp;&nbsp;&nbsp;prv_set_value
<LI><a href="#[49]">&gt;&gt;</a>&nbsp;&nbsp;&nbsp;prv_create
<LI><a href="#[242]">&gt;&gt;</a>&nbsp;&nbsp;&nbsp;connection_create
<LI><a href="#[18c]">&gt;&gt;</a>&nbsp;&nbsp;&nbsp;atiny_add_rpt_uri
<LI><a href="#[20f]">&gt;&gt;</a>&nbsp;&nbsp;&nbsp;get_server_object
<LI><a href="#[20e]">&gt;&gt;</a>&nbsp;&nbsp;&nbsp;get_security_object
<LI><a href="#[213]">&gt;&gt;</a>&nbsp;&nbsp;&nbsp;get_object_location
<LI><a href="#[212]">&gt;&gt;</a>&nbsp;&nbsp;&nbsp;get_object_firmware
<LI><a href="#[210]">&gt;&gt;</a>&nbsp;&nbsp;&nbsp;get_object_device
<LI><a href="#[211]">&gt;&gt;</a>&nbsp;&nbsp;&nbsp;get_object_conn_m
<LI><a href="#[214]">&gt;&gt;</a>&nbsp;&nbsp;&nbsp;get_binary_app_data_object
<LI><a href="#[1cf]">&gt;&gt;</a>&nbsp;&nbsp;&nbsp;atiny_fota_manager_destroy
<LI><a href="#[166]">&gt;&gt;</a>&nbsp;&nbsp;&nbsp;acc_ctrl_create_object
<LI><a href="#[16d]">&gt;&gt;</a>&nbsp;&nbsp;&nbsp;atiny_init
<LI><a href="#[396]">&gt;&gt;</a>&nbsp;&nbsp;&nbsp;update_uri_info
<LI><a href="#[1f0]">&gt;&gt;</a>&nbsp;&nbsp;&nbsp;atiny_fota_idle_state_int_report_result
<LI><a href="#[1ef]">&gt;&gt;</a>&nbsp;&nbsp;&nbsp;atiny_fota_idle_state_init
<LI><a href="#[1f7]">&gt;&gt;</a>&nbsp;&nbsp;&nbsp;atiny_fota_manager_init
<LI><a href="#[58]">&gt;&gt;</a>&nbsp;&nbsp;&nbsp;prv_server_create
<LI><a href="#[345]">&gt;&gt;</a>&nbsp;&nbsp;&nbsp;pack_checksum_init
<LI><a href="#[35a]">&gt;&gt;</a>&nbsp;&nbsp;&nbsp;pack_wr_init
<LI><a href="#[352]">&gt;&gt;</a>&nbsp;&nbsp;&nbsp;pack_head_init
<LI><a href="#[351]">&gt;&gt;</a>&nbsp;&nbsp;&nbsp;pack_head_destroy
<LI><a href="#[34e]">&gt;&gt;</a>&nbsp;&nbsp;&nbsp;pack_init_pack_device
<LI><a href="#[14]">&gt;&gt;</a>&nbsp;&nbsp;&nbsp;at_write
<LI><a href="#[180]">&gt;&gt;</a>&nbsp;&nbsp;&nbsp;at_struct_init
<LI><a href="#[178]">&gt;&gt;</a>&nbsp;&nbsp;&nbsp;at_init_oob
<LI><a href="#[18]">&gt;&gt;</a>&nbsp;&nbsp;&nbsp;at_cmd_multi_suffix
<LI><a href="#[13]">&gt;&gt;</a>&nbsp;&nbsp;&nbsp;at_cmd
</UL>

<P><STRONG><a name="[3a8]"></a>__aeabi_memclr8</STRONG> (Thumb, 0 bytes, Stack size 0 bytes, memseta.o(.text), UNUSED)

<P><STRONG><a name="[87]"></a>_memset$wrapper</STRONG> (Thumb, 18 bytes, Stack size 8 bytes, memseta.o(.text), UNUSED)
<BR><BR>[Calls]<UL><LI><a href="#[86]">&gt;&gt;</a>&nbsp;&nbsp;&nbsp;__aeabi_memset
</UL>

<P><STRONG><a name="[17e]"></a>strstr</STRONG> (Thumb, 36 bytes, Stack size 12 bytes, strstr.o(.text))
<BR><BR>[Stack]<UL><LI>Max Depth = 12<LI>Call Chain = strstr
</UL>
<BR>[Called By]<UL><LI><a href="#[4]">&gt;&gt;</a>&nbsp;&nbsp;&nbsp;esp8266_get_localmac
<LI><a href="#[5]">&gt;&gt;</a>&nbsp;&nbsp;&nbsp;esp8266_get_localip
<LI><a href="#[43]">&gt;&gt;</a>&nbsp;&nbsp;&nbsp;esp8266_data_handler
<LI><a href="#[17d]">&gt;&gt;</a>&nbsp;&nbsp;&nbsp;at_handle_resp
</UL>

<P><STRONG><a name="[228]"></a>strncpy</STRONG> (Thumb, 24 bytes, Stack size 8 bytes, strncpy.o(.text))
<BR><BR>[Stack]<UL><LI>Max Depth = 8<LI>Call Chain = strncpy
</UL>
<BR>[Called By]<UL><LI><a href="#[227]">&gt;&gt;</a>&nbsp;&nbsp;&nbsp;atiny_strdup
<LI><a href="#[211]">&gt;&gt;</a>&nbsp;&nbsp;&nbsp;get_object_conn_m
<LI><a href="#[57]">&gt;&gt;</a>&nbsp;&nbsp;&nbsp;prv_server_write
</UL>

<P><STRONG><a name="[369]"></a>strchr</STRONG> (Thumb, 20 bytes, Stack size 0 bytes, strchr.o(.text))
<BR><BR>[Called By]<UL><LI><a href="#[368]">&gt;&gt;</a>&nbsp;&nbsp;&nbsp;parse_firmware_uri
</UL>

<P><STRONG><a name="[187]"></a>strlen</STRONG> (Thumb, 14 bytes, Stack size 0 bytes, strlen.o(.text))
<BR><BR>[Called By]<UL><LI><a href="#[173]">&gt;&gt;</a>&nbsp;&nbsp;&nbsp;at_transmit
<LI><a href="#[269]">&gt;&gt;</a>&nbsp;&nbsp;&nbsp;esp8266_show_dinfo
<LI><a href="#[26b]">&gt;&gt;</a>&nbsp;&nbsp;&nbsp;esp8266_set_mux_mode
<LI><a href="#[26a]">&gt;&gt;</a>&nbsp;&nbsp;&nbsp;esp8266_joinap
<LI><a href="#[7]">&gt;&gt;</a>&nbsp;&nbsp;&nbsp;esp8266_connect
<LI><a href="#[b]">&gt;&gt;</a>&nbsp;&nbsp;&nbsp;esp8266_close
<LI><a href="#[265]">&gt;&gt;</a>&nbsp;&nbsp;&nbsp;esp8266_choose_net_mode
<LI><a href="#[6]">&gt;&gt;</a>&nbsp;&nbsp;&nbsp;esp8266_bind
<LI><a href="#[2f0]">&gt;&gt;</a>&nbsp;&nbsp;&nbsp;mbedtls_mpi_read_string
<LI><a href="#[27f]">&gt;&gt;</a>&nbsp;&nbsp;&nbsp;lwm2m_strdup
<LI><a href="#[227]">&gt;&gt;</a>&nbsp;&nbsp;&nbsp;atiny_strdup
<LI><a href="#[23f]">&gt;&gt;</a>&nbsp;&nbsp;&nbsp;coap_set_header_uri_path_segment
<LI><a href="#[383]">&gt;&gt;</a>&nbsp;&nbsp;&nbsp;prv_getRegistrationQueryLength
<LI><a href="#[2af]">&gt;&gt;</a>&nbsp;&nbsp;&nbsp;lwm2m_handle_packet
<LI><a href="#[31a]">&gt;&gt;</a>&nbsp;&nbsp;&nbsp;object_getRegisterPayloadBufferLength
<LI><a href="#[50]">&gt;&gt;</a>&nbsp;&nbsp;&nbsp;prv_firmware_read
<LI><a href="#[20f]">&gt;&gt;</a>&nbsp;&nbsp;&nbsp;get_server_object
<LI><a href="#[20e]">&gt;&gt;</a>&nbsp;&nbsp;&nbsp;get_security_object
<LI><a href="#[1e8]">&gt;&gt;</a>&nbsp;&nbsp;&nbsp;start_firmware_download
<LI><a href="#[1e0]">&gt;&gt;</a>&nbsp;&nbsp;&nbsp;atiny_fota_manager_rpt_state
<LI><a href="#[14]">&gt;&gt;</a>&nbsp;&nbsp;&nbsp;at_write
<LI><a href="#[16]">&gt;&gt;</a>&nbsp;&nbsp;&nbsp;at_oob_register
<LI><a href="#[1b6]">&gt;&gt;</a>&nbsp;&nbsp;&nbsp;atiny_get_timezone
<LI><a href="#[1b4]">&gt;&gt;</a>&nbsp;&nbsp;&nbsp;atiny_get_UTC_offset
</UL>

<P><STRONG><a name="[266]"></a>memcmp</STRONG> (Thumb, 26 bytes, Stack size 12 bytes, memcmp.o(.text))
<BR><BR>[Stack]<UL><LI>Max Depth = 12<LI>Call Chain = memcmp
</UL>
<BR>[Called By]<UL><LI><a href="#[43]">&gt;&gt;</a>&nbsp;&nbsp;&nbsp;esp8266_data_handler
<LI><a href="#[42]">&gt;&gt;</a>&nbsp;&nbsp;&nbsp;esp8266_cmd_match
<LI><a href="#[2ff]">&gt;&gt;</a>&nbsp;&nbsp;&nbsp;mbedtls_rsa_rsassa_pss_verify_ext
<LI><a href="#[36c]">&gt;&gt;</a>&nbsp;&nbsp;&nbsp;prv_checkFinished
<LI><a href="#[396]">&gt;&gt;</a>&nbsp;&nbsp;&nbsp;update_uri_info
<LI><a href="#[6c]">&gt;&gt;</a>&nbsp;&nbsp;&nbsp;pack_sha256_check
</UL>

<P><STRONG><a name="[245]"></a>strncmp</STRONG> (Thumb, 30 bytes, Stack size 12 bytes, strncmp.o(.text))
<BR><BR>[Stack]<UL><LI>Max Depth = 12<LI>Call Chain = strncmp
</UL>
<BR>[Called By]<UL><LI><a href="#[287]">&gt;&gt;</a>&nbsp;&nbsp;&nbsp;uri_decode
<LI><a href="#[2ca]">&gt;&gt;</a>&nbsp;&nbsp;&nbsp;lwm2m_strncmp
<LI><a href="#[243]">&gt;&gt;</a>&nbsp;&nbsp;&nbsp;connection_parse_host_ip
<LI><a href="#[368]">&gt;&gt;</a>&nbsp;&nbsp;&nbsp;parse_firmware_uri
<LI><a href="#[280]">&gt;&gt;</a>&nbsp;&nbsp;&nbsp;prv_server_check_binding_valid
</UL>

<P><STRONG><a name="[246]"></a>strrchr</STRONG> (Thumb, 32 bytes, Stack size 0 bytes, strrchr.o(.text))
<BR><BR>[Called By]<UL><LI><a href="#[243]">&gt;&gt;</a>&nbsp;&nbsp;&nbsp;connection_parse_host_ip
</UL>

<P><STRONG><a name="[88]"></a>__0sscanf</STRONG> (Thumb, 48 bytes, Stack size 72 bytes, __0sscanf.o(.text))
<BR><BR>[Stack]<UL><LI>Max Depth = 216<LI>Call Chain = __0sscanf &rArr; __vfscanf_char &rArr; __vfscanf &rArr; _scanf_int
</UL>
<BR>[Calls]<UL><LI><a href="#[89]">&gt;&gt;</a>&nbsp;&nbsp;&nbsp;__vfscanf_char
</UL>
<BR>[Called By]<UL><LI><a href="#[7]">&gt;&gt;</a>&nbsp;&nbsp;&nbsp;esp8266_connect
<LI><a href="#[6]">&gt;&gt;</a>&nbsp;&nbsp;&nbsp;esp8266_bind
</UL>

<P><STRONG><a name="[8a]"></a>_scanf_int</STRONG> (Thumb, 332 bytes, Stack size 56 bytes, _scanf_int.o(.text))
<BR><BR>[Stack]<UL><LI>Max Depth = 56<LI>Call Chain = _scanf_int
</UL>
<BR>[Calls]<UL><LI><a href="#[8b]">&gt;&gt;</a>&nbsp;&nbsp;&nbsp;_chval
</UL>
<BR>[Called By]<UL><LI><a href="#[9e]">&gt;&gt;</a>&nbsp;&nbsp;&nbsp;__vfscanf
</UL>

<P><STRONG><a name="[8c]"></a>__aeabi_dadd</STRONG> (Thumb, 322 bytes, Stack size 48 bytes, dadd.o(.text))
<BR><BR>[Stack]<UL><LI>Max Depth = 88<LI>Call Chain = __aeabi_dadd &rArr; _double_epilogue &rArr; _double_round
</UL>
<BR>[Calls]<UL><LI><a href="#[82]">&gt;&gt;</a>&nbsp;&nbsp;&nbsp;__aeabi_llsl
<LI><a href="#[8d]">&gt;&gt;</a>&nbsp;&nbsp;&nbsp;__aeabi_lasr
<LI><a href="#[8f]">&gt;&gt;</a>&nbsp;&nbsp;&nbsp;_double_round
<LI><a href="#[8e]">&gt;&gt;</a>&nbsp;&nbsp;&nbsp;_double_epilogue
</UL>
<BR>[Called By]<UL><LI><a href="#[90]">&gt;&gt;</a>&nbsp;&nbsp;&nbsp;__aeabi_dsub
<LI><a href="#[299]">&gt;&gt;</a>&nbsp;&nbsp;&nbsp;utils_textToFloat
<LI><a href="#[38d]">&gt;&gt;</a>&nbsp;&nbsp;&nbsp;utils_floatToText
<LI><a href="#[91]">&gt;&gt;</a>&nbsp;&nbsp;&nbsp;__aeabi_drsub
<LI><a href="#[15c]">&gt;&gt;</a>&nbsp;&nbsp;&nbsp;_fp_digits
</UL>

<P><STRONG><a name="[90]"></a>__aeabi_dsub</STRONG> (Thumb, 6 bytes, Stack size 0 bytes, dadd.o(.text))
<BR><BR>[Stack]<UL><LI>Max Depth = 88<LI>Call Chain = __aeabi_dsub &rArr; __aeabi_dadd &rArr; _double_epilogue &rArr; _double_round
</UL>
<BR>[Calls]<UL><LI><a href="#[8c]">&gt;&gt;</a>&nbsp;&nbsp;&nbsp;__aeabi_dadd
</UL>
<BR>[Called By]<UL><LI><a href="#[a3]">&gt;&gt;</a>&nbsp;&nbsp;&nbsp;MPU6050_ReturnTemp
<LI><a href="#[2c6]">&gt;&gt;</a>&nbsp;&nbsp;&nbsp;registration_step
<LI><a href="#[2c5]">&gt;&gt;</a>&nbsp;&nbsp;&nbsp;observe_step
<LI><a href="#[38d]">&gt;&gt;</a>&nbsp;&nbsp;&nbsp;utils_floatToText
</UL>

<P><STRONG><a name="[91]"></a>__aeabi_drsub</STRONG> (Thumb, 6 bytes, Stack size 0 bytes, dadd.o(.text))
<BR><BR>[Stack]<UL><LI>Max Depth = 88<LI>Call Chain = __aeabi_drsub &rArr; __aeabi_dadd &rArr; _double_epilogue &rArr; _double_round
</UL>
<BR>[Calls]<UL><LI><a href="#[8c]">&gt;&gt;</a>&nbsp;&nbsp;&nbsp;__aeabi_dadd
</UL>
<BR>[Called By]<UL><LI><a href="#[38d]">&gt;&gt;</a>&nbsp;&nbsp;&nbsp;utils_floatToText
</UL>

<P><STRONG><a name="[92]"></a>__aeabi_dmul</STRONG> (Thumb, 228 bytes, Stack size 48 bytes, dmul.o(.text))
<BR><BR>[Stack]<UL><LI>Max Depth = 88<LI>Call Chain = __aeabi_dmul &rArr; _double_epilogue &rArr; _double_round
</UL>
<BR>[Calls]<UL><LI><a href="#[8e]">&gt;&gt;</a>&nbsp;&nbsp;&nbsp;_double_epilogue
</UL>
<BR>[Called By]<UL><LI><a href="#[299]">&gt;&gt;</a>&nbsp;&nbsp;&nbsp;utils_textToFloat
<LI><a href="#[38d]">&gt;&gt;</a>&nbsp;&nbsp;&nbsp;utils_floatToText
<LI><a href="#[15c]">&gt;&gt;</a>&nbsp;&nbsp;&nbsp;_fp_digits
</UL>

<P><STRONG><a name="[93]"></a>__aeabi_ddiv</STRONG> (Thumb, 222 bytes, Stack size 32 bytes, ddiv.o(.text))
<BR><BR>[Stack]<UL><LI>Max Depth = 40<LI>Call Chain = __aeabi_ddiv &rArr; _double_round
</UL>
<BR>[Calls]<UL><LI><a href="#[8f]">&gt;&gt;</a>&nbsp;&nbsp;&nbsp;_double_round
</UL>
<BR>[Called By]<UL><LI><a href="#[a3]">&gt;&gt;</a>&nbsp;&nbsp;&nbsp;MPU6050_ReturnTemp
<LI><a href="#[299]">&gt;&gt;</a>&nbsp;&nbsp;&nbsp;utils_textToFloat
<LI><a href="#[15c]">&gt;&gt;</a>&nbsp;&nbsp;&nbsp;_fp_digits
</UL>

<P><STRONG><a name="[94]"></a>__aeabi_i2d</STRONG> (Thumb, 34 bytes, Stack size 16 bytes, dflti.o(.text))
<BR><BR>[Stack]<UL><LI>Max Depth = 56<LI>Call Chain = __aeabi_i2d &rArr; _double_epilogue &rArr; _double_round
</UL>
<BR>[Calls]<UL><LI><a href="#[8e]">&gt;&gt;</a>&nbsp;&nbsp;&nbsp;_double_epilogue
</UL>
<BR>[Called By]<UL><LI><a href="#[a3]">&gt;&gt;</a>&nbsp;&nbsp;&nbsp;MPU6050_ReturnTemp
<LI><a href="#[299]">&gt;&gt;</a>&nbsp;&nbsp;&nbsp;utils_textToFloat
</UL>

<P><STRONG><a name="[95]"></a>__aeabi_ui2d</STRONG> (Thumb, 26 bytes, Stack size 16 bytes, dfltui.o(.text))
<BR><BR>[Stack]<UL><LI>Max Depth = 56<LI>Call Chain = __aeabi_ui2d &rArr; _double_epilogue &rArr; _double_round
</UL>
<BR>[Calls]<UL><LI><a href="#[8e]">&gt;&gt;</a>&nbsp;&nbsp;&nbsp;_double_epilogue
</UL>
<BR>[Called By]<UL><LI><a href="#[2c6]">&gt;&gt;</a>&nbsp;&nbsp;&nbsp;registration_step
</UL>

<P><STRONG><a name="[96]"></a>__aeabi_l2d</STRONG> (Thumb, 40 bytes, Stack size 24 bytes, dfltl.o(.text))
<BR><BR>[Stack]<UL><LI>Max Depth = 64<LI>Call Chain = __aeabi_l2d &rArr; _double_epilogue &rArr; _double_round
</UL>
<BR>[Calls]<UL><LI><a href="#[8e]">&gt;&gt;</a>&nbsp;&nbsp;&nbsp;_double_epilogue
</UL>
<BR>[Called By]<UL><LI><a href="#[2c5]">&gt;&gt;</a>&nbsp;&nbsp;&nbsp;observe_step
<LI><a href="#[38d]">&gt;&gt;</a>&nbsp;&nbsp;&nbsp;utils_floatToText
<LI><a href="#[298]">&gt;&gt;</a>&nbsp;&nbsp;&nbsp;lwm2m_data_decode_float
</UL>

<P><STRONG><a name="[97]"></a>__aeabi_ul2d</STRONG> (Thumb, 24 bytes, Stack size 16 bytes, dfltul.o(.text))
<BR><BR>[Stack]<UL><LI>Max Depth = 56<LI>Call Chain = __aeabi_ul2d &rArr; _double_epilogue &rArr; _double_round
</UL>
<BR>[Calls]<UL><LI><a href="#[8e]">&gt;&gt;</a>&nbsp;&nbsp;&nbsp;_double_epilogue
</UL>
<BR>[Called By]<UL><LI><a href="#[387]">&gt;&gt;</a>&nbsp;&nbsp;&nbsp;prv_res2tlv
</UL>

<P><STRONG><a name="[98]"></a>__aeabi_d2iz</STRONG> (Thumb, 62 bytes, Stack size 16 bytes, dfixi.o(.text))
<BR><BR>[Stack]<UL><LI>Max Depth = 16<LI>Call Chain = __aeabi_d2iz
</UL>
<BR>[Calls]<UL><LI><a href="#[81]">&gt;&gt;</a>&nbsp;&nbsp;&nbsp;__aeabi_llsr
</UL>
<BR>[Called By]<UL><LI><a href="#[a3]">&gt;&gt;</a>&nbsp;&nbsp;&nbsp;MPU6050_ReturnTemp
</UL>

<P><STRONG><a name="[99]"></a>__aeabi_d2uiz</STRONG> (Thumb, 50 bytes, Stack size 8 bytes, dfixui.o(.text))
<BR><BR>[Stack]<UL><LI>Max Depth = 8<LI>Call Chain = __aeabi_d2uiz
</UL>
<BR>[Calls]<UL><LI><a href="#[81]">&gt;&gt;</a>&nbsp;&nbsp;&nbsp;__aeabi_llsr
</UL>
<BR>[Called By]<UL><LI><a href="#[2c6]">&gt;&gt;</a>&nbsp;&nbsp;&nbsp;registration_step
</UL>

<P><STRONG><a name="[9a]"></a>__aeabi_d2lz</STRONG> (Thumb, 74 bytes, Stack size 16 bytes, dfixl.o(.text))
<BR><BR>[Stack]<UL><LI>Max Depth = 16<LI>Call Chain = __aeabi_d2lz
</UL>
<BR>[Calls]<UL><LI><a href="#[82]">&gt;&gt;</a>&nbsp;&nbsp;&nbsp;__aeabi_llsl
<LI><a href="#[81]">&gt;&gt;</a>&nbsp;&nbsp;&nbsp;__aeabi_llsr
</UL>
<BR>[Called By]<UL><LI><a href="#[38d]">&gt;&gt;</a>&nbsp;&nbsp;&nbsp;utils_floatToText
</UL>

<P><STRONG><a name="[9b]"></a>__aeabi_d2ulz</STRONG> (Thumb, 48 bytes, Stack size 0 bytes, dfixul.o(.text), UNUSED)
<BR><BR>[Calls]<UL><LI><a href="#[82]">&gt;&gt;</a>&nbsp;&nbsp;&nbsp;__aeabi_llsl
<LI><a href="#[81]">&gt;&gt;</a>&nbsp;&nbsp;&nbsp;__aeabi_llsr
</UL>
<BR>[Called By]<UL><LI><a href="#[15c]">&gt;&gt;</a>&nbsp;&nbsp;&nbsp;_fp_digits
</UL>

<P><STRONG><a name="[29b]"></a>__aeabi_f2d</STRONG> (Thumb, 38 bytes, Stack size 0 bytes, f2d.o(.text))
<BR><BR>[Called By]<UL><LI><a href="#[298]">&gt;&gt;</a>&nbsp;&nbsp;&nbsp;lwm2m_data_decode_float
<LI><a href="#[387]">&gt;&gt;</a>&nbsp;&nbsp;&nbsp;prv_res2tlv
</UL>

<P><STRONG><a name="[3a9]"></a>__aeabi_cdcmpeq</STRONG> (Thumb, 0 bytes, Stack size 0 bytes, cdcmple.o(.text), UNUSED)

<P><STRONG><a name="[327]"></a>__aeabi_cdcmple</STRONG> (Thumb, 48 bytes, Stack size 0 bytes, cdcmple.o(.text))
<BR><BR>[Called By]<UL><LI><a href="#[2c5]">&gt;&gt;</a>&nbsp;&nbsp;&nbsp;observe_step
<LI><a href="#[38d]">&gt;&gt;</a>&nbsp;&nbsp;&nbsp;utils_floatToText
<LI><a href="#[380]">&gt;&gt;</a>&nbsp;&nbsp;&nbsp;prv_getLength
<LI><a href="#[37a]">&gt;&gt;</a>&nbsp;&nbsp;&nbsp;prv_encodeFloat
<LI><a href="#[260]">&gt;&gt;</a>&nbsp;&nbsp;&nbsp;prv_readAttributes
</UL>

<P><STRONG><a name="[15d]"></a>__aeabi_cdrcmple</STRONG> (Thumb, 48 bytes, Stack size 0 bytes, cdrcmple.o(.text))
<BR><BR>[Called By]<UL><LI><a href="#[2c6]">&gt;&gt;</a>&nbsp;&nbsp;&nbsp;registration_step
<LI><a href="#[2c5]">&gt;&gt;</a>&nbsp;&nbsp;&nbsp;observe_step
<LI><a href="#[299]">&gt;&gt;</a>&nbsp;&nbsp;&nbsp;utils_textToFloat
<LI><a href="#[38d]">&gt;&gt;</a>&nbsp;&nbsp;&nbsp;utils_floatToText
<LI><a href="#[380]">&gt;&gt;</a>&nbsp;&nbsp;&nbsp;prv_getLength
<LI><a href="#[37a]">&gt;&gt;</a>&nbsp;&nbsp;&nbsp;prv_encodeFloat
<LI><a href="#[15c]">&gt;&gt;</a>&nbsp;&nbsp;&nbsp;_fp_digits
</UL>

<P><STRONG><a name="[9c]"></a>__aeabi_d2f</STRONG> (Thumb, 56 bytes, Stack size 8 bytes, d2f.o(.text))
<BR><BR>[Stack]<UL><LI>Max Depth = 8<LI>Call Chain = __aeabi_d2f
</UL>
<BR>[Calls]<UL><LI><a href="#[9d]">&gt;&gt;</a>&nbsp;&nbsp;&nbsp;_float_round
</UL>
<BR>[Called By]<UL><LI><a href="#[37a]">&gt;&gt;</a>&nbsp;&nbsp;&nbsp;prv_encodeFloat
<LI><a href="#[261]">&gt;&gt;</a>&nbsp;&nbsp;&nbsp;observe_setParameters
</UL>

<P><STRONG><a name="[3aa]"></a>__aeabi_uidiv</STRONG> (Thumb, 0 bytes, Stack size 12 bytes, uidiv.o(.text), UNUSED)

<P><STRONG><a name="[160]"></a>__aeabi_uidivmod</STRONG> (Thumb, 44 bytes, Stack size 12 bytes, uidiv.o(.text), UNUSED)
<BR><BR>[Called By]<UL><LI><a href="#[157]">&gt;&gt;</a>&nbsp;&nbsp;&nbsp;_printf_core
</UL>

<P><STRONG><a name="[81]"></a>__aeabi_llsr</STRONG> (Thumb, 32 bytes, Stack size 0 bytes, llushr.o(.text))
<BR><BR>[Called By]<UL><LI><a href="#[9b]">&gt;&gt;</a>&nbsp;&nbsp;&nbsp;__aeabi_d2ulz
<LI><a href="#[98]">&gt;&gt;</a>&nbsp;&nbsp;&nbsp;__aeabi_d2iz
<LI><a href="#[9a]">&gt;&gt;</a>&nbsp;&nbsp;&nbsp;__aeabi_d2lz
<LI><a href="#[99]">&gt;&gt;</a>&nbsp;&nbsp;&nbsp;__aeabi_d2uiz
<LI><a href="#[80]">&gt;&gt;</a>&nbsp;&nbsp;&nbsp;__aeabi_uldivmod
<LI><a href="#[8e]">&gt;&gt;</a>&nbsp;&nbsp;&nbsp;_double_epilogue
</UL>

<P><STRONG><a name="[3ab]"></a>_ll_ushift_r</STRONG> (Thumb, 0 bytes, Stack size 0 bytes, llushr.o(.text), UNUSED)

<P><STRONG><a name="[8d]"></a>__aeabi_lasr</STRONG> (Thumb, 36 bytes, Stack size 0 bytes, llsshr.o(.text))
<BR><BR>[Called By]<UL><LI><a href="#[8c]">&gt;&gt;</a>&nbsp;&nbsp;&nbsp;__aeabi_dadd
</UL>

<P><STRONG><a name="[3ac]"></a>_ll_sshift_r</STRONG> (Thumb, 0 bytes, Stack size 0 bytes, llsshr.o(.text), UNUSED)

<P><STRONG><a name="[8b]"></a>_chval</STRONG> (Thumb, 28 bytes, Stack size 0 bytes, _chval.o(.text))
<BR><BR>[Called By]<UL><LI><a href="#[8a]">&gt;&gt;</a>&nbsp;&nbsp;&nbsp;_scanf_int
</UL>

<P><STRONG><a name="[89]"></a>__vfscanf_char</STRONG> (Thumb, 20 bytes, Stack size 0 bytes, scanf_char.o(.text))
<BR><BR>[Stack]<UL><LI>Max Depth = 144<LI>Call Chain = __vfscanf_char &rArr; __vfscanf &rArr; _scanf_int
</UL>
<BR>[Calls]<UL><LI><a href="#[9e]">&gt;&gt;</a>&nbsp;&nbsp;&nbsp;__vfscanf
</UL>
<BR>[Called By]<UL><LI><a href="#[88]">&gt;&gt;</a>&nbsp;&nbsp;&nbsp;__0sscanf
</UL>

<P><STRONG><a name="[1c]"></a>_sgetc</STRONG> (Thumb, 30 bytes, Stack size 0 bytes, _sgetc.o(.text))
<BR>[Address Reference Count : 1]<UL><LI> __0sscanf.o(.text)
</UL>
<P><STRONG><a name="[1d]"></a>_sbackspace</STRONG> (Thumb, 34 bytes, Stack size 0 bytes, _sgetc.o(.text))
<BR>[Address Reference Count : 1]<UL><LI> __0sscanf.o(.text)
</UL>
<P><STRONG><a name="[3ad]"></a>__I$use$fp</STRONG> (Thumb, 0 bytes, Stack size 0 bytes, iusefp.o(.text), UNUSED)

<P><STRONG><a name="[9d]"></a>_float_round</STRONG> (Thumb, 18 bytes, Stack size 0 bytes, fepilogue.o(.text))
<BR><BR>[Called By]<UL><LI><a href="#[9c]">&gt;&gt;</a>&nbsp;&nbsp;&nbsp;__aeabi_d2f
</UL>

<P><STRONG><a name="[3ae]"></a>_float_epilogue</STRONG> (Thumb, 92 bytes, Stack size 4 bytes, fepilogue.o(.text), UNUSED)

<P><STRONG><a name="[8f]"></a>_double_round</STRONG> (Thumb, 30 bytes, Stack size 8 bytes, depilogue.o(.text))
<BR><BR>[Stack]<UL><LI>Max Depth = 8<LI>Call Chain = _double_round
</UL>
<BR>[Called By]<UL><LI><a href="#[93]">&gt;&gt;</a>&nbsp;&nbsp;&nbsp;__aeabi_ddiv
<LI><a href="#[8c]">&gt;&gt;</a>&nbsp;&nbsp;&nbsp;__aeabi_dadd
<LI><a href="#[8e]">&gt;&gt;</a>&nbsp;&nbsp;&nbsp;_double_epilogue
</UL>

<P><STRONG><a name="[8e]"></a>_double_epilogue</STRONG> (Thumb, 156 bytes, Stack size 32 bytes, depilogue.o(.text))
<BR><BR>[Stack]<UL><LI>Max Depth = 40<LI>Call Chain = _double_epilogue &rArr; _double_round
</UL>
<BR>[Calls]<UL><LI><a href="#[82]">&gt;&gt;</a>&nbsp;&nbsp;&nbsp;__aeabi_llsl
<LI><a href="#[81]">&gt;&gt;</a>&nbsp;&nbsp;&nbsp;__aeabi_llsr
<LI><a href="#[8f]">&gt;&gt;</a>&nbsp;&nbsp;&nbsp;_double_round
</UL>
<BR>[Called By]<UL><LI><a href="#[97]">&gt;&gt;</a>&nbsp;&nbsp;&nbsp;__aeabi_ul2d
<LI><a href="#[95]">&gt;&gt;</a>&nbsp;&nbsp;&nbsp;__aeabi_ui2d
<LI><a href="#[94]">&gt;&gt;</a>&nbsp;&nbsp;&nbsp;__aeabi_i2d
<LI><a href="#[96]">&gt;&gt;</a>&nbsp;&nbsp;&nbsp;__aeabi_l2d
<LI><a href="#[92]">&gt;&gt;</a>&nbsp;&nbsp;&nbsp;__aeabi_dmul
<LI><a href="#[8c]">&gt;&gt;</a>&nbsp;&nbsp;&nbsp;__aeabi_dadd
</UL>

<P><STRONG><a name="[7f]"></a>__scatterload</STRONG> (Thumb, 28 bytes, Stack size 0 bytes, init.o(.text))
<BR><BR>[Calls]<UL><LI><a href="#[9f]">&gt;&gt;</a>&nbsp;&nbsp;&nbsp;__main_after_scatterload
</UL>
<BR>[Called By]<UL><LI><a href="#[7e]">&gt;&gt;</a>&nbsp;&nbsp;&nbsp;_main_scatterload
</UL>

<P><STRONG><a name="[3af]"></a>__scatterload_rt2</STRONG> (Thumb, 0 bytes, Stack size 0 bytes, init.o(.text), UNUSED)

<P><STRONG><a name="[9e]"></a>__vfscanf</STRONG> (Thumb, 808 bytes, Stack size 88 bytes, _scanf.o(.text))
<BR><BR>[Stack]<UL><LI>Max Depth = 144<LI>Call Chain = __vfscanf &rArr; _scanf_int
</UL>
<BR>[Calls]<UL><LI><a href="#[8a]">&gt;&gt;</a>&nbsp;&nbsp;&nbsp;_scanf_int
</UL>
<BR>[Called By]<UL><LI><a href="#[89]">&gt;&gt;</a>&nbsp;&nbsp;&nbsp;__vfscanf_char
</UL>

<P><STRONG><a name="[3b0]"></a>__decompress</STRONG> (Thumb, 0 bytes, Stack size unknown bytes, __dczerorl2.o(.text), UNUSED)

<P><STRONG><a name="[3b1]"></a>__decompress1</STRONG> (Thumb, 86 bytes, Stack size unknown bytes, __dczerorl2.o(.text), UNUSED)

<P><STRONG><a name="[a0]"></a>E53_SC2_Read_Data</STRONG> (Thumb, 62 bytes, Stack size 16 bytes, e53_sc2.o(i.E53_SC2_Read_Data))
<BR><BR>[Stack]<UL><LI>Max Depth = 240<LI>Call Chain = E53_SC2_Read_Data &rArr; MPU6050_ReturnTemp &rArr; MPU6050_ReadData &rArr; I2C_MPU6050_ReadBuffer &rArr; HAL_I2C_Mem_Read &rArr; I2C_RequestMemoryRead &rArr; I2C_WaitOnTXISFlagUntilTimeout &rArr; I2C_IsAcknowledgeFailed &rArr; HAL_GetTick
</UL>
<BR>[Calls]<UL><LI><a href="#[a3]">&gt;&gt;</a>&nbsp;&nbsp;&nbsp;MPU6050_ReturnTemp
<LI><a href="#[a1]">&gt;&gt;</a>&nbsp;&nbsp;&nbsp;MPU6050ReadID
<LI><a href="#[a2]">&gt;&gt;</a>&nbsp;&nbsp;&nbsp;MPU6050ReadAcc
<LI><a href="#[a4]">&gt;&gt;</a>&nbsp;&nbsp;&nbsp;HAL_Delay
</UL>
<BR>[Called By]<UL><LI><a href="#[40]">&gt;&gt;</a>&nbsp;&nbsp;&nbsp;app_data_report_collection
</UL>

<P><STRONG><a name="[a4]"></a>HAL_Delay</STRONG> (Thumb, 32 bytes, Stack size 16 bytes, stm32l4xx_hal.o(i.HAL_Delay))
<BR><BR>[Stack]<UL><LI>Max Depth = 24<LI>Call Chain = HAL_Delay &rArr; HAL_GetTick
</UL>
<BR>[Calls]<UL><LI><a href="#[a5]">&gt;&gt;</a>&nbsp;&nbsp;&nbsp;HAL_GetTick
</UL>
<BR>[Called By]<UL><LI><a href="#[eb]">&gt;&gt;</a>&nbsp;&nbsp;&nbsp;MPU6050_Init
<LI><a href="#[a0]">&gt;&gt;</a>&nbsp;&nbsp;&nbsp;E53_SC2_Read_Data
</UL>

<P><STRONG><a name="[b3]"></a>HAL_GPIO_DeInit</STRONG> (Thumb, 258 bytes, Stack size 20 bytes, stm32l4xx_hal_gpio.o(i.HAL_GPIO_DeInit))
<BR><BR>[Stack]<UL><LI>Max Depth = 20<LI>Call Chain = HAL_GPIO_DeInit
</UL>
<BR>[Called By]<UL><LI><a href="#[a8]">&gt;&gt;</a>&nbsp;&nbsp;&nbsp;HAL_I2C_MspDeInit
</UL>

<P><STRONG><a name="[b4]"></a>HAL_GPIO_Init</STRONG> (Thumb, 432 bytes, Stack size 20 bytes, stm32l4xx_hal_gpio.o(i.HAL_GPIO_Init))
<BR><BR>[Stack]<UL><LI>Max Depth = 20<LI>Call Chain = HAL_GPIO_Init
</UL>
<BR>[Called By]<UL><LI><a href="#[d0]">&gt;&gt;</a>&nbsp;&nbsp;&nbsp;HAL_SPI_MspInit
<LI><a href="#[aa]">&gt;&gt;</a>&nbsp;&nbsp;&nbsp;HAL_I2C_MspInit
<LI><a href="#[d4]">&gt;&gt;</a>&nbsp;&nbsp;&nbsp;HAL_UART_MspInit
<LI><a href="#[ec]">&gt;&gt;</a>&nbsp;&nbsp;&nbsp;Init_Light
<LI><a href="#[c1]">&gt;&gt;</a>&nbsp;&nbsp;&nbsp;HAL_QSPI_MspInit
<LI><a href="#[f2]">&gt;&gt;</a>&nbsp;&nbsp;&nbsp;LCD_Gpio_Init
</UL>

<P><STRONG><a name="[f0]"></a>HAL_GPIO_WritePin</STRONG> (Thumb, 10 bytes, Stack size 0 bytes, stm32l4xx_hal_gpio.o(i.HAL_GPIO_WritePin))
<BR><BR>[Called By]<UL><LI><a href="#[e0]">&gt;&gt;</a>&nbsp;&nbsp;&nbsp;LCD_Init
<LI><a href="#[e1]">&gt;&gt;</a>&nbsp;&nbsp;&nbsp;LCD_Clear
<LI><a href="#[f7]">&gt;&gt;</a>&nbsp;&nbsp;&nbsp;LCD_Write_HalfWord
<LI><a href="#[ef]">&gt;&gt;</a>&nbsp;&nbsp;&nbsp;LCD_Write_Data
<LI><a href="#[ee]">&gt;&gt;</a>&nbsp;&nbsp;&nbsp;LCD_Write_Cmd
<LI><a href="#[f2]">&gt;&gt;</a>&nbsp;&nbsp;&nbsp;LCD_Gpio_Init
<LI><a href="#[40]">&gt;&gt;</a>&nbsp;&nbsp;&nbsp;app_data_report_collection
</UL>

<P><STRONG><a name="[a5]"></a>HAL_GetTick</STRONG> (Thumb, 8 bytes, Stack size 8 bytes, sys_init.o(i.HAL_GetTick))
<BR><BR>[Stack]<UL><LI>Max Depth = 8<LI>Call Chain = HAL_GetTick
</UL>
<BR>[Calls]<UL><LI><a href="#[a6]">&gt;&gt;</a>&nbsp;&nbsp;&nbsp;LOS_TickCountGet
</UL>
<BR>[Called By]<UL><LI><a href="#[d1]">&gt;&gt;</a>&nbsp;&nbsp;&nbsp;HAL_SPI_Transmit
<LI><a href="#[d9]">&gt;&gt;</a>&nbsp;&nbsp;&nbsp;HAL_UART_Transmit
<LI><a href="#[cc]">&gt;&gt;</a>&nbsp;&nbsp;&nbsp;HAL_RCC_OscConfig
<LI><a href="#[c7]">&gt;&gt;</a>&nbsp;&nbsp;&nbsp;HAL_RCC_ClockConfig
<LI><a href="#[c5]">&gt;&gt;</a>&nbsp;&nbsp;&nbsp;HAL_RCCEx_PeriphCLKConfig
<LI><a href="#[c4]">&gt;&gt;</a>&nbsp;&nbsp;&nbsp;HAL_QSPI_Transmit
<LI><a href="#[c3]">&gt;&gt;</a>&nbsp;&nbsp;&nbsp;HAL_QSPI_Receive
<LI><a href="#[c0]">&gt;&gt;</a>&nbsp;&nbsp;&nbsp;HAL_QSPI_Init
<LI><a href="#[bd]">&gt;&gt;</a>&nbsp;&nbsp;&nbsp;HAL_QSPI_Command
<LI><a href="#[be]">&gt;&gt;</a>&nbsp;&nbsp;&nbsp;QSPI_WaitFlagStateUntilTimeout
<LI><a href="#[153]">&gt;&gt;</a>&nbsp;&nbsp;&nbsp;SPI_WaitFlagStateUntilTimeout
<LI><a href="#[152]">&gt;&gt;</a>&nbsp;&nbsp;&nbsp;SPI_WaitFifoStateUntilTimeout
<LI><a href="#[ce]">&gt;&gt;</a>&nbsp;&nbsp;&nbsp;HAL_RNG_GenerateRandomNumber
<LI><a href="#[c6]">&gt;&gt;</a>&nbsp;&nbsp;&nbsp;RCCEx_PLLSAI1_Config
<LI><a href="#[b0]">&gt;&gt;</a>&nbsp;&nbsp;&nbsp;HAL_I2C_Mem_Write
<LI><a href="#[ab]">&gt;&gt;</a>&nbsp;&nbsp;&nbsp;HAL_I2C_Mem_Read
<LI><a href="#[b2]">&gt;&gt;</a>&nbsp;&nbsp;&nbsp;I2C_WaitOnTXISFlagUntilTimeout
<LI><a href="#[af]">&gt;&gt;</a>&nbsp;&nbsp;&nbsp;I2C_WaitOnSTOPFlagUntilTimeout
<LI><a href="#[ac]">&gt;&gt;</a>&nbsp;&nbsp;&nbsp;I2C_WaitOnFlagUntilTimeout
<LI><a href="#[e3]">&gt;&gt;</a>&nbsp;&nbsp;&nbsp;I2C_IsAcknowledgeFailed
<LI><a href="#[a4]">&gt;&gt;</a>&nbsp;&nbsp;&nbsp;HAL_Delay
<LI><a href="#[da]">&gt;&gt;</a>&nbsp;&nbsp;&nbsp;UART_WaitOnFlagUntilTimeout
<LI><a href="#[d7]">&gt;&gt;</a>&nbsp;&nbsp;&nbsp;UART_CheckIdleState
</UL>

<P><STRONG><a name="[14c]"></a>HAL_I2CEx_ConfigAnalogFilter</STRONG> (Thumb, 106 bytes, Stack size 0 bytes, stm32l4xx_hal_i2c_ex.o(i.HAL_I2CEx_ConfigAnalogFilter))
<BR><BR>[Called By]<UL><LI><a href="#[ea]">&gt;&gt;</a>&nbsp;&nbsp;&nbsp;MX_I2C1_Init
</UL>

<P><STRONG><a name="[14d]"></a>HAL_I2CEx_ConfigDigitalFilter</STRONG> (Thumb, 104 bytes, Stack size 8 bytes, stm32l4xx_hal_i2c_ex.o(i.HAL_I2CEx_ConfigDigitalFilter))
<BR><BR>[Stack]<UL><LI>Max Depth = 8<LI>Call Chain = HAL_I2CEx_ConfigDigitalFilter
</UL>
<BR>[Called By]<UL><LI><a href="#[ea]">&gt;&gt;</a>&nbsp;&nbsp;&nbsp;MX_I2C1_Init
</UL>

<P><STRONG><a name="[a7]"></a>HAL_I2C_DeInit</STRONG> (Thumb, 66 bytes, Stack size 8 bytes, stm32l4xx_hal_i2c.o(i.HAL_I2C_DeInit))
<BR><BR>[Stack]<UL><LI>Max Depth = 36<LI>Call Chain = HAL_I2C_DeInit &rArr; HAL_I2C_MspDeInit &rArr; HAL_GPIO_DeInit
</UL>
<BR>[Calls]<UL><LI><a href="#[a8]">&gt;&gt;</a>&nbsp;&nbsp;&nbsp;HAL_I2C_MspDeInit
</UL>
<BR>[Called By]<UL><LI><a href="#[e5]">&gt;&gt;</a>&nbsp;&nbsp;&nbsp;I2C_MPU6050_Error
</UL>

<P><STRONG><a name="[a9]"></a>HAL_I2C_Init</STRONG> (Thumb, 198 bytes, Stack size 8 bytes, stm32l4xx_hal_i2c.o(i.HAL_I2C_Init))
<BR><BR>[Stack]<UL><LI>Max Depth = 60<LI>Call Chain = HAL_I2C_Init &rArr; HAL_I2C_MspInit &rArr; HAL_GPIO_Init
</UL>
<BR>[Calls]<UL><LI><a href="#[aa]">&gt;&gt;</a>&nbsp;&nbsp;&nbsp;HAL_I2C_MspInit
</UL>
<BR>[Called By]<UL><LI><a href="#[ea]">&gt;&gt;</a>&nbsp;&nbsp;&nbsp;MX_I2C1_Init
</UL>

<P><STRONG><a name="[ab]"></a>HAL_I2C_Mem_Read</STRONG> (Thumb, 408 bytes, Stack size 48 bytes, stm32l4xx_hal_i2c.o(i.HAL_I2C_Mem_Read))
<BR><BR>[Stack]<UL><LI>Max Depth = 120<LI>Call Chain = HAL_I2C_Mem_Read &rArr; I2C_RequestMemoryRead &rArr; I2C_WaitOnTXISFlagUntilTimeout &rArr; I2C_IsAcknowledgeFailed &rArr; HAL_GetTick
</UL>
<BR>[Calls]<UL><LI><a href="#[a5]">&gt;&gt;</a>&nbsp;&nbsp;&nbsp;HAL_GetTick
<LI><a href="#[af]">&gt;&gt;</a>&nbsp;&nbsp;&nbsp;I2C_WaitOnSTOPFlagUntilTimeout
<LI><a href="#[ac]">&gt;&gt;</a>&nbsp;&nbsp;&nbsp;I2C_WaitOnFlagUntilTimeout
<LI><a href="#[ae]">&gt;&gt;</a>&nbsp;&nbsp;&nbsp;I2C_TransferConfig
<LI><a href="#[ad]">&gt;&gt;</a>&nbsp;&nbsp;&nbsp;I2C_RequestMemoryRead
</UL>
<BR>[Called By]<UL><LI><a href="#[e7]">&gt;&gt;</a>&nbsp;&nbsp;&nbsp;I2C_MPU6050_ReadBuffer
</UL>

<P><STRONG><a name="[b0]"></a>HAL_I2C_Mem_Write</STRONG> (Thumb, 400 bytes, Stack size 48 bytes, stm32l4xx_hal_i2c.o(i.HAL_I2C_Mem_Write))
<BR><BR>[Stack]<UL><LI>Max Depth = 120<LI>Call Chain = HAL_I2C_Mem_Write &rArr; I2C_RequestMemoryWrite &rArr; I2C_WaitOnTXISFlagUntilTimeout &rArr; I2C_IsAcknowledgeFailed &rArr; HAL_GetTick
</UL>
<BR>[Calls]<UL><LI><a href="#[a5]">&gt;&gt;</a>&nbsp;&nbsp;&nbsp;HAL_GetTick
<LI><a href="#[b2]">&gt;&gt;</a>&nbsp;&nbsp;&nbsp;I2C_WaitOnTXISFlagUntilTimeout
<LI><a href="#[af]">&gt;&gt;</a>&nbsp;&nbsp;&nbsp;I2C_WaitOnSTOPFlagUntilTimeout
<LI><a href="#[ac]">&gt;&gt;</a>&nbsp;&nbsp;&nbsp;I2C_WaitOnFlagUntilTimeout
<LI><a href="#[ae]">&gt;&gt;</a>&nbsp;&nbsp;&nbsp;I2C_TransferConfig
<LI><a href="#[b1]">&gt;&gt;</a>&nbsp;&nbsp;&nbsp;I2C_RequestMemoryWrite
</UL>
<BR>[Called By]<UL><LI><a href="#[e8]">&gt;&gt;</a>&nbsp;&nbsp;&nbsp;I2C_MPU6050_WriteData
</UL>

<P><STRONG><a name="[a8]"></a>HAL_I2C_MspDeInit</STRONG> (Thumb, 106 bytes, Stack size 8 bytes, i2c.o(i.HAL_I2C_MspDeInit))
<BR><BR>[Stack]<UL><LI>Max Depth = 28<LI>Call Chain = HAL_I2C_MspDeInit &rArr; HAL_GPIO_DeInit
</UL>
<BR>[Calls]<UL><LI><a href="#[b3]">&gt;&gt;</a>&nbsp;&nbsp;&nbsp;HAL_GPIO_DeInit
</UL>
<BR>[Called By]<UL><LI><a href="#[a7]">&gt;&gt;</a>&nbsp;&nbsp;&nbsp;HAL_I2C_DeInit
</UL>

<P><STRONG><a name="[aa]"></a>HAL_I2C_MspInit</STRONG> (Thumb, 234 bytes, Stack size 32 bytes, i2c.o(i.HAL_I2C_MspInit))
<BR><BR>[Stack]<UL><LI>Max Depth = 52<LI>Call Chain = HAL_I2C_MspInit &rArr; HAL_GPIO_Init
</UL>
<BR>[Calls]<UL><LI><a href="#[b4]">&gt;&gt;</a>&nbsp;&nbsp;&nbsp;HAL_GPIO_Init
</UL>
<BR>[Called By]<UL><LI><a href="#[a9]">&gt;&gt;</a>&nbsp;&nbsp;&nbsp;HAL_I2C_Init
</UL>

<P><STRONG><a name="[b5]"></a>HAL_Init</STRONG> (Thumb, 22 bytes, Stack size 8 bytes, stm32l4xx_hal.o(i.HAL_Init))
<BR><BR>[Stack]<UL><LI>Max Depth = 72<LI>Call Chain = HAL_Init &rArr; HAL_InitTick &rArr; HAL_NVIC_SetPriority &rArr; __NVIC_SetPriority
</UL>
<BR>[Calls]<UL><LI><a href="#[b8]">&gt;&gt;</a>&nbsp;&nbsp;&nbsp;HAL_MspInit
<LI><a href="#[b7]">&gt;&gt;</a>&nbsp;&nbsp;&nbsp;HAL_InitTick
<LI><a href="#[b6]">&gt;&gt;</a>&nbsp;&nbsp;&nbsp;HAL_NVIC_SetPriorityGrouping
</UL>
<BR>[Called By]<UL><LI><a href="#[db]">&gt;&gt;</a>&nbsp;&nbsp;&nbsp;HardWare_Init
</UL>

<P><STRONG><a name="[b7]"></a>HAL_InitTick</STRONG> (Thumb, 36 bytes, Stack size 16 bytes, stm32l4xx_hal.o(i.HAL_InitTick))
<BR><BR>[Stack]<UL><LI>Max Depth = 64<LI>Call Chain = HAL_InitTick &rArr; HAL_NVIC_SetPriority &rArr; __NVIC_SetPriority
</UL>
<BR>[Calls]<UL><LI><a href="#[ba]">&gt;&gt;</a>&nbsp;&nbsp;&nbsp;HAL_NVIC_SetPriority
<LI><a href="#[b9]">&gt;&gt;</a>&nbsp;&nbsp;&nbsp;HAL_SYSTICK_Config
</UL>
<BR>[Called By]<UL><LI><a href="#[b5]">&gt;&gt;</a>&nbsp;&nbsp;&nbsp;HAL_Init
<LI><a href="#[cc]">&gt;&gt;</a>&nbsp;&nbsp;&nbsp;HAL_RCC_OscConfig
<LI><a href="#[c7]">&gt;&gt;</a>&nbsp;&nbsp;&nbsp;HAL_RCC_ClockConfig
</UL>

<P><STRONG><a name="[b8]"></a>HAL_MspInit</STRONG> (Thumb, 2 bytes, Stack size 0 bytes, stm32l4xx_hal.o(i.HAL_MspInit))
<BR><BR>[Called By]<UL><LI><a href="#[b5]">&gt;&gt;</a>&nbsp;&nbsp;&nbsp;HAL_Init
</UL>

<P><STRONG><a name="[d8]"></a>HAL_NVIC_EnableIRQ</STRONG> (Thumb, 32 bytes, Stack size 0 bytes, stm32l4xx_hal_cortex.o(i.HAL_NVIC_EnableIRQ))
<BR><BR>[Called By]<UL><LI><a href="#[d4]">&gt;&gt;</a>&nbsp;&nbsp;&nbsp;HAL_UART_MspInit
</UL>

<P><STRONG><a name="[ba]"></a>HAL_NVIC_SetPriority</STRONG> (Thumb, 124 bytes, Stack size 40 bytes, stm32l4xx_hal_cortex.o(i.HAL_NVIC_SetPriority))
<BR><BR>[Stack]<UL><LI>Max Depth = 48<LI>Call Chain = HAL_NVIC_SetPriority &rArr; __NVIC_SetPriority
</UL>
<BR>[Calls]<UL><LI><a href="#[bc]">&gt;&gt;</a>&nbsp;&nbsp;&nbsp;__NVIC_SetPriority
<LI><a href="#[bb]">&gt;&gt;</a>&nbsp;&nbsp;&nbsp;__NVIC_GetPriorityGrouping
</UL>
<BR>[Called By]<UL><LI><a href="#[d4]">&gt;&gt;</a>&nbsp;&nbsp;&nbsp;HAL_UART_MspInit
<LI><a href="#[b7]">&gt;&gt;</a>&nbsp;&nbsp;&nbsp;HAL_InitTick
</UL>

<P><STRONG><a name="[b6]"></a>HAL_NVIC_SetPriorityGrouping</STRONG> (Thumb, 32 bytes, Stack size 0 bytes, stm32l4xx_hal_cortex.o(i.HAL_NVIC_SetPriorityGrouping))
<BR><BR>[Called By]<UL><LI><a href="#[b5]">&gt;&gt;</a>&nbsp;&nbsp;&nbsp;HAL_Init
</UL>

<P><STRONG><a name="[222]"></a>HAL_NVIC_SystemReset</STRONG> (Thumb, 60 bytes, Stack size 0 bytes, stm32l4xx_hal_cortex.o(i.HAL_NVIC_SystemReset))
<BR><BR>[Called By]<UL><LI><a href="#[1d9]">&gt;&gt;</a>&nbsp;&nbsp;&nbsp;atiny_reboot
</UL>

<P><STRONG><a name="[155]"></a>HAL_PWREx_ControlVoltageScaling</STRONG> (Thumb, 128 bytes, Stack size 0 bytes, stm32l4xx_hal_pwr_ex.o(i.HAL_PWREx_ControlVoltageScaling))
<BR><BR>[Called By]<UL><LI><a href="#[dc]">&gt;&gt;</a>&nbsp;&nbsp;&nbsp;SystemClock_Config
</UL>

<P><STRONG><a name="[151]"></a>HAL_PWREx_GetVoltageRange</STRONG> (Thumb, 10 bytes, Stack size 0 bytes, stm32l4xx_hal_pwr_ex.o(i.HAL_PWREx_GetVoltageRange))
<BR><BR>[Called By]<UL><LI><a href="#[cd]">&gt;&gt;</a>&nbsp;&nbsp;&nbsp;RCC_SetFlashLatencyFromMSIRange
</UL>

<P><STRONG><a name="[154]"></a>HAL_PWR_EnableBkUpAccess</STRONG> (Thumb, 14 bytes, Stack size 0 bytes, stm32l4xx_hal_pwr.o(i.HAL_PWR_EnableBkUpAccess))
<BR><BR>[Called By]<UL><LI><a href="#[dc]">&gt;&gt;</a>&nbsp;&nbsp;&nbsp;SystemClock_Config
</UL>

<P><STRONG><a name="[bd]"></a>HAL_QSPI_Command</STRONG> (Thumb, 164 bytes, Stack size 32 bytes, stm32l4xx_hal_qspi.o(i.HAL_QSPI_Command))
<BR><BR>[Stack]<UL><LI>Max Depth = 64<LI>Call Chain = HAL_QSPI_Command &rArr; QSPI_WaitFlagStateUntilTimeout &rArr; HAL_GetTick
</UL>
<BR>[Calls]<UL><LI><a href="#[a5]">&gt;&gt;</a>&nbsp;&nbsp;&nbsp;HAL_GetTick
<LI><a href="#[be]">&gt;&gt;</a>&nbsp;&nbsp;&nbsp;QSPI_WaitFlagStateUntilTimeout
<LI><a href="#[bf]">&gt;&gt;</a>&nbsp;&nbsp;&nbsp;QSPI_Config
</UL>
<BR>[Called By]<UL><LI><a href="#[14f]">&gt;&gt;</a>&nbsp;&nbsp;&nbsp;QSPI_Send_CMD
</UL>

<P><STRONG><a name="[c0]"></a>HAL_QSPI_Init</STRONG> (Thumb, 206 bytes, Stack size 24 bytes, stm32l4xx_hal_qspi.o(i.HAL_QSPI_Init))
<BR><BR>[Stack]<UL><LI>Max Depth = 76<LI>Call Chain = HAL_QSPI_Init &rArr; HAL_QSPI_MspInit &rArr; HAL_GPIO_Init
</UL>
<BR>[Calls]<UL><LI><a href="#[a5]">&gt;&gt;</a>&nbsp;&nbsp;&nbsp;HAL_GetTick
<LI><a href="#[c2]">&gt;&gt;</a>&nbsp;&nbsp;&nbsp;HAL_QSPI_SetTimeout
<LI><a href="#[be]">&gt;&gt;</a>&nbsp;&nbsp;&nbsp;QSPI_WaitFlagStateUntilTimeout
<LI><a href="#[c1]">&gt;&gt;</a>&nbsp;&nbsp;&nbsp;HAL_QSPI_MspInit
</UL>
<BR>[Called By]<UL><LI><a href="#[278]">&gt;&gt;</a>&nbsp;&nbsp;&nbsp;hal_spi_flash_config
</UL>

<P><STRONG><a name="[c1]"></a>HAL_QSPI_MspInit</STRONG> (Thumb, 76 bytes, Stack size 32 bytes, hal_qspi_flash.o(i.HAL_QSPI_MspInit))
<BR><BR>[Stack]<UL><LI>Max Depth = 52<LI>Call Chain = HAL_QSPI_MspInit &rArr; HAL_GPIO_Init
</UL>
<BR>[Calls]<UL><LI><a href="#[b4]">&gt;&gt;</a>&nbsp;&nbsp;&nbsp;HAL_GPIO_Init
</UL>
<BR>[Called By]<UL><LI><a href="#[c0]">&gt;&gt;</a>&nbsp;&nbsp;&nbsp;HAL_QSPI_Init
</UL>

<P><STRONG><a name="[c3]"></a>HAL_QSPI_Receive</STRONG> (Thumb, 228 bytes, Stack size 40 bytes, stm32l4xx_hal_qspi.o(i.HAL_QSPI_Receive))
<BR><BR>[Stack]<UL><LI>Max Depth = 72<LI>Call Chain = HAL_QSPI_Receive &rArr; QSPI_WaitFlagStateUntilTimeout &rArr; HAL_GetTick
</UL>
<BR>[Calls]<UL><LI><a href="#[a5]">&gt;&gt;</a>&nbsp;&nbsp;&nbsp;HAL_GetTick
<LI><a href="#[be]">&gt;&gt;</a>&nbsp;&nbsp;&nbsp;QSPI_WaitFlagStateUntilTimeout
</UL>
<BR>[Called By]<UL><LI><a href="#[14e]">&gt;&gt;</a>&nbsp;&nbsp;&nbsp;QSPI_Receive
</UL>

<P><STRONG><a name="[c2]"></a>HAL_QSPI_SetTimeout</STRONG> (Thumb, 4 bytes, Stack size 0 bytes, stm32l4xx_hal_qspi.o(i.HAL_QSPI_SetTimeout))
<BR><BR>[Called By]<UL><LI><a href="#[c0]">&gt;&gt;</a>&nbsp;&nbsp;&nbsp;HAL_QSPI_Init
</UL>

<P><STRONG><a name="[c4]"></a>HAL_QSPI_Transmit</STRONG> (Thumb, 212 bytes, Stack size 32 bytes, stm32l4xx_hal_qspi.o(i.HAL_QSPI_Transmit))
<BR><BR>[Stack]<UL><LI>Max Depth = 64<LI>Call Chain = HAL_QSPI_Transmit &rArr; QSPI_WaitFlagStateUntilTimeout &rArr; HAL_GetTick
</UL>
<BR>[Calls]<UL><LI><a href="#[a5]">&gt;&gt;</a>&nbsp;&nbsp;&nbsp;HAL_GetTick
<LI><a href="#[be]">&gt;&gt;</a>&nbsp;&nbsp;&nbsp;QSPI_WaitFlagStateUntilTimeout
</UL>
<BR>[Called By]<UL><LI><a href="#[150]">&gt;&gt;</a>&nbsp;&nbsp;&nbsp;QSPI_Transmit
</UL>

<P><STRONG><a name="[c5]"></a>HAL_RCCEx_PeriphCLKConfig</STRONG> (Thumb, 896 bytes, Stack size 32 bytes, stm32l4xx_hal_rcc_ex.o(i.HAL_RCCEx_PeriphCLKConfig))
<BR><BR>[Stack]<UL><LI>Max Depth = 64<LI>Call Chain = HAL_RCCEx_PeriphCLKConfig &rArr; RCCEx_PLLSAI1_Config &rArr; HAL_GetTick
</UL>
<BR>[Calls]<UL><LI><a href="#[a5]">&gt;&gt;</a>&nbsp;&nbsp;&nbsp;HAL_GetTick
<LI><a href="#[c6]">&gt;&gt;</a>&nbsp;&nbsp;&nbsp;RCCEx_PLLSAI1_Config
</UL>
<BR>[Called By]<UL><LI><a href="#[dc]">&gt;&gt;</a>&nbsp;&nbsp;&nbsp;SystemClock_Config
</UL>

<P><STRONG><a name="[c7]"></a>HAL_RCC_ClockConfig</STRONG> (Thumb, 348 bytes, Stack size 16 bytes, stm32l4xx_hal_rcc.o(i.HAL_RCC_ClockConfig))
<BR><BR>[Stack]<UL><LI>Max Depth = 80<LI>Call Chain = HAL_RCC_ClockConfig &rArr; HAL_InitTick &rArr; HAL_NVIC_SetPriority &rArr; __NVIC_SetPriority
</UL>
<BR>[Calls]<UL><LI><a href="#[a5]">&gt;&gt;</a>&nbsp;&nbsp;&nbsp;HAL_GetTick
<LI><a href="#[b7]">&gt;&gt;</a>&nbsp;&nbsp;&nbsp;HAL_InitTick
<LI><a href="#[c8]">&gt;&gt;</a>&nbsp;&nbsp;&nbsp;HAL_RCC_GetSysClockFreq
</UL>
<BR>[Called By]<UL><LI><a href="#[dc]">&gt;&gt;</a>&nbsp;&nbsp;&nbsp;SystemClock_Config
</UL>

<P><STRONG><a name="[ca]"></a>HAL_RCC_GetHCLKFreq</STRONG> (Thumb, 6 bytes, Stack size 0 bytes, stm32l4xx_hal_rcc.o(i.HAL_RCC_GetHCLKFreq))
<BR><BR>[Called By]<UL><LI><a href="#[cb]">&gt;&gt;</a>&nbsp;&nbsp;&nbsp;HAL_RCC_GetPCLK2Freq
<LI><a href="#[c9]">&gt;&gt;</a>&nbsp;&nbsp;&nbsp;HAL_RCC_GetPCLK1Freq
</UL>

<P><STRONG><a name="[c9]"></a>HAL_RCC_GetPCLK1Freq</STRONG> (Thumb, 22 bytes, Stack size 4 bytes, stm32l4xx_hal_rcc.o(i.HAL_RCC_GetPCLK1Freq))
<BR><BR>[Stack]<UL><LI>Max Depth = 4<LI>Call Chain = HAL_RCC_GetPCLK1Freq
</UL>
<BR>[Calls]<UL><LI><a href="#[ca]">&gt;&gt;</a>&nbsp;&nbsp;&nbsp;HAL_RCC_GetHCLKFreq
</UL>
<BR>[Called By]<UL><LI><a href="#[d5]">&gt;&gt;</a>&nbsp;&nbsp;&nbsp;UART_SetConfig
</UL>

<P><STRONG><a name="[cb]"></a>HAL_RCC_GetPCLK2Freq</STRONG> (Thumb, 22 bytes, Stack size 4 bytes, stm32l4xx_hal_rcc.o(i.HAL_RCC_GetPCLK2Freq))
<BR><BR>[Stack]<UL><LI>Max Depth = 4<LI>Call Chain = HAL_RCC_GetPCLK2Freq
</UL>
<BR>[Calls]<UL><LI><a href="#[ca]">&gt;&gt;</a>&nbsp;&nbsp;&nbsp;HAL_RCC_GetHCLKFreq
</UL>
<BR>[Called By]<UL><LI><a href="#[d5]">&gt;&gt;</a>&nbsp;&nbsp;&nbsp;UART_SetConfig
</UL>

<P><STRONG><a name="[c8]"></a>HAL_RCC_GetSysClockFreq</STRONG> (Thumb, 252 bytes, Stack size 20 bytes, stm32l4xx_hal_rcc.o(i.HAL_RCC_GetSysClockFreq))
<BR><BR>[Stack]<UL><LI>Max Depth = 20<LI>Call Chain = HAL_RCC_GetSysClockFreq
</UL>
<BR>[Called By]<UL><LI><a href="#[cc]">&gt;&gt;</a>&nbsp;&nbsp;&nbsp;HAL_RCC_OscConfig
<LI><a href="#[c7]">&gt;&gt;</a>&nbsp;&nbsp;&nbsp;HAL_RCC_ClockConfig
<LI><a href="#[d5]">&gt;&gt;</a>&nbsp;&nbsp;&nbsp;UART_SetConfig
</UL>

<P><STRONG><a name="[cc]"></a>HAL_RCC_OscConfig</STRONG> (Thumb, 1676 bytes, Stack size 24 bytes, stm32l4xx_hal_rcc.o(i.HAL_RCC_OscConfig))
<BR><BR>[Stack]<UL><LI>Max Depth = 88<LI>Call Chain = HAL_RCC_OscConfig &rArr; HAL_InitTick &rArr; HAL_NVIC_SetPriority &rArr; __NVIC_SetPriority
</UL>
<BR>[Calls]<UL><LI><a href="#[a5]">&gt;&gt;</a>&nbsp;&nbsp;&nbsp;HAL_GetTick
<LI><a href="#[cd]">&gt;&gt;</a>&nbsp;&nbsp;&nbsp;RCC_SetFlashLatencyFromMSIRange
<LI><a href="#[b7]">&gt;&gt;</a>&nbsp;&nbsp;&nbsp;HAL_InitTick
<LI><a href="#[c8]">&gt;&gt;</a>&nbsp;&nbsp;&nbsp;HAL_RCC_GetSysClockFreq
</UL>
<BR>[Called By]<UL><LI><a href="#[dc]">&gt;&gt;</a>&nbsp;&nbsp;&nbsp;SystemClock_Config
</UL>

<P><STRONG><a name="[ce]"></a>HAL_RNG_GenerateRandomNumber</STRONG> (Thumb, 118 bytes, Stack size 24 bytes, stm32l4xx_hal_rng.o(i.HAL_RNG_GenerateRandomNumber))
<BR><BR>[Stack]<UL><LI>Max Depth = 32<LI>Call Chain = HAL_RNG_GenerateRandomNumber &rArr; HAL_GetTick
</UL>
<BR>[Calls]<UL><LI><a href="#[a5]">&gt;&gt;</a>&nbsp;&nbsp;&nbsp;HAL_GetTick
</UL>
<BR>[Called By]<UL><LI><a href="#[221]">&gt;&gt;</a>&nbsp;&nbsp;&nbsp;hal_rng_generate_buffer
</UL>

<P><STRONG><a name="[cf]"></a>HAL_SPI_Init</STRONG> (Thumb, 192 bytes, Stack size 16 bytes, stm32l4xx_hal_spi.o(i.HAL_SPI_Init))
<BR><BR>[Stack]<UL><LI>Max Depth = 68<LI>Call Chain = HAL_SPI_Init &rArr; HAL_SPI_MspInit &rArr; HAL_GPIO_Init
</UL>
<BR>[Calls]<UL><LI><a href="#[d0]">&gt;&gt;</a>&nbsp;&nbsp;&nbsp;HAL_SPI_MspInit
</UL>
<BR>[Called By]<UL><LI><a href="#[f4]">&gt;&gt;</a>&nbsp;&nbsp;&nbsp;MX_SPI2_Init
</UL>

<P><STRONG><a name="[d0]"></a>HAL_SPI_MspInit</STRONG> (Thumb, 104 bytes, Stack size 32 bytes, spi.o(i.HAL_SPI_MspInit))
<BR><BR>[Stack]<UL><LI>Max Depth = 52<LI>Call Chain = HAL_SPI_MspInit &rArr; HAL_GPIO_Init
</UL>
<BR>[Calls]<UL><LI><a href="#[b4]">&gt;&gt;</a>&nbsp;&nbsp;&nbsp;HAL_GPIO_Init
</UL>
[...]
<BR><BR>[Stack]<UL><LI>Max Depth = 544<LI>Call Chain = save_flag &rArr; flag_write &rArr; __aeabi_memcpy
</UL>
<BR>[Calls]<UL><LI><a href="#[1ea]">&gt;&gt;</a>&nbsp;&nbsp;&nbsp;flag_write
<LI><a href="#[273]">&gt;&gt;</a>&nbsp;&nbsp;&nbsp;calc_crc32
</UL>
<BR>[Called By]<UL><LI><a href="#[1ee]">&gt;&gt;</a>&nbsp;&nbsp;&nbsp;flag_upgrade_get_result
<LI><a href="#[200]">&gt;&gt;</a>&nbsp;&nbsp;&nbsp;flag_upgrade_init
<LI><a href="#[274]">&gt;&gt;</a>&nbsp;&nbsp;&nbsp;flag_set_recover_verify
<LI><a href="#[275]">&gt;&gt;</a>&nbsp;&nbsp;&nbsp;flag_set_info
</UL>

<P><STRONG><a name="[66]"></a>local_calloc</STRONG> (Thumb, 32 bytes, Stack size 16 bytes, package.o(i.local_calloc))
<BR><BR>[Stack]<UL><LI>Max Depth = 64<LI>Call Chain = local_calloc &rArr; pack_malloc &rArr; pack_get_params &rArr; pack_get_device &rArr; pack_init_pack_device &rArr; pack_wr_init
</UL>
<BR>[Calls]<UL><LI><a href="#[85]">&gt;&gt;</a>&nbsp;&nbsp;&nbsp;__aeabi_memclr
<LI><a href="#[28c]">&gt;&gt;</a>&nbsp;&nbsp;&nbsp;pack_malloc
</UL>
<BR>[Address Reference Count : 1]<UL><LI> package.o(i.pack_init_device)
</UL>
<P><STRONG><a name="[65]"></a>pack_get_block_size</STRONG> (Thumb, 14 bytes, Stack size 16 bytes, package.o(i.pack_get_block_size))
<BR><BR>[Stack]<UL><LI>Max Depth = 40<LI>Call Chain = pack_get_block_size &rArr; pack_get_device &rArr; pack_init_pack_device &rArr; pack_wr_init
</UL>
<BR>[Calls]<UL><LI><a href="#[202]">&gt;&gt;</a>&nbsp;&nbsp;&nbsp;pack_get_device
</UL>
<BR>[Address Reference Count : 1]<UL><LI> package.o(i.pack_init_device)
</UL>
<P><STRONG><a name="[34e]"></a>pack_init_pack_device</STRONG> (Thumb, 58 bytes, Stack size 8 bytes, package.o(i.pack_init_pack_device))
<BR><BR>[Stack]<UL><LI>Max Depth = 16<LI>Call Chain = pack_init_pack_device &rArr; pack_wr_init
</UL>
<BR>[Calls]<UL><LI><a href="#[168]">&gt;&gt;</a>&nbsp;&nbsp;&nbsp;__aeabi_memclr4
<LI><a href="#[35a]">&gt;&gt;</a>&nbsp;&nbsp;&nbsp;pack_wr_init
<LI><a href="#[352]">&gt;&gt;</a>&nbsp;&nbsp;&nbsp;pack_head_init
</UL>
<BR>[Called By]<UL><LI><a href="#[202]">&gt;&gt;</a>&nbsp;&nbsp;&nbsp;pack_get_device
</UL>

<P><STRONG><a name="[62]"></a>pack_read_software</STRONG> (Thumb, 74 bytes, Stack size 32 bytes, package.o(i.pack_read_software))
<BR><BR>[Stack]<UL><LI>Max Depth = 64<LI>Call Chain = pack_read_software &rArr; pack_get_params &rArr; pack_get_device &rArr; pack_init_pack_device &rArr; pack_wr_init
</UL>
<BR>[Calls]<UL><LI><a href="#[202]">&gt;&gt;</a>&nbsp;&nbsp;&nbsp;pack_get_device
<LI><a href="#[342]">&gt;&gt;</a>&nbsp;&nbsp;&nbsp;pack_get_params
</UL>
<BR>[Address Reference Count : 1]<UL><LI> package.o(i.pack_init_device)
</UL>
<P><STRONG><a name="[64]"></a>pack_set_flash_type</STRONG> (Thumb, 48 bytes, Stack size 24 bytes, package.o(i.pack_set_flash_type))
<BR><BR>[Stack]<UL><LI>Max Depth = 56<LI>Call Chain = pack_set_flash_type &rArr; pack_get_params &rArr; pack_get_device &rArr; pack_init_pack_device &rArr; pack_wr_init
</UL>
<BR>[Calls]<UL><LI><a href="#[202]">&gt;&gt;</a>&nbsp;&nbsp;&nbsp;pack_get_device
<LI><a href="#[342]">&gt;&gt;</a>&nbsp;&nbsp;&nbsp;pack_get_params
</UL>
<BR>[Address Reference Count : 1]<UL><LI> package.o(i.pack_init_device)
</UL>
<P><STRONG><a name="[67]"></a>pack_storage_write_software</STRONG> (Thumb, 324 bytes, Stack size 40 bytes, package.o(i.pack_storage_write_software))
<BR><BR>[Stack]<UL><LI>Max Depth = 728<LI>Call Chain = pack_storage_write_software &rArr; pack_wr_write &rArr; pack_wr_entire_blocks &rArr; pack_write_data &rArr; flag_enable_hwpatch &rArr; flag_set_recover_verify &rArr; save_flag &rArr; flag_write &rArr; __aeabi_memcpy
</UL>
<BR>[Calls]<UL><LI><a href="#[35d]">&gt;&gt;</a>&nbsp;&nbsp;&nbsp;pack_wr_write
<LI><a href="#[353]">&gt;&gt;</a>&nbsp;&nbsp;&nbsp;pack_head_parse
<LI><a href="#[34a]">&gt;&gt;</a>&nbsp;&nbsp;&nbsp;pack_head_get_head_len
<LI><a href="#[35e]">&gt;&gt;</a>&nbsp;&nbsp;&nbsp;pack_head_get_checksum
<LI><a href="#[34d]">&gt;&gt;</a>&nbsp;&nbsp;&nbsp;pack_checksum_update_data
<LI><a href="#[342]">&gt;&gt;</a>&nbsp;&nbsp;&nbsp;pack_get_params
</UL>
<BR>[Address Reference Count : 1]<UL><LI> package.o(i.pack_init_pack_device)
</UL>
<P><STRONG><a name="[68]"></a>pack_storage_write_software_end</STRONG> (Thumb, 154 bytes, Stack size 32 bytes, package.o(i.pack_storage_write_software_end))
<BR><BR>[Stack]<UL><LI>Max Depth = 664<LI>Call Chain = pack_storage_write_software_end &rArr; pack_wr_write_end &rArr; pack_wr_write_stored_data &rArr; pack_write_data &rArr; flag_enable_hwpatch &rArr; flag_set_recover_verify &rArr; save_flag &rArr; flag_write &rArr; __aeabi_memcpy
</UL>
<BR>[Calls]<UL><LI><a href="#[35f]">&gt;&gt;</a>&nbsp;&nbsp;&nbsp;pack_wr_write_end
<LI><a href="#[360]">&gt;&gt;</a>&nbsp;&nbsp;&nbsp;pack_wr_destroy
<LI><a href="#[351]">&gt;&gt;</a>&nbsp;&nbsp;&nbsp;pack_head_destroy
<LI><a href="#[34f]">&gt;&gt;</a>&nbsp;&nbsp;&nbsp;pack_head_check
<LI><a href="#[342]">&gt;&gt;</a>&nbsp;&nbsp;&nbsp;pack_get_params
</UL>
<BR>[Address Reference Count : 1]<UL><LI> package.o(i.pack_init_pack_device)
</UL>
<P><STRONG><a name="[63]"></a>pack_write_software</STRONG> (Thumb, 74 bytes, Stack size 32 bytes, package.o(i.pack_write_software))
<BR><BR>[Stack]<UL><LI>Max Depth = 64<LI>Call Chain = pack_write_software &rArr; pack_get_params &rArr; pack_get_device &rArr; pack_init_pack_device &rArr; pack_wr_init
</UL>
<BR>[Calls]<UL><LI><a href="#[202]">&gt;&gt;</a>&nbsp;&nbsp;&nbsp;pack_get_device
<LI><a href="#[342]">&gt;&gt;</a>&nbsp;&nbsp;&nbsp;pack_get_params
</UL>
<BR>[Address Reference Count : 1]<UL><LI> package.o(i.pack_init_device)
</UL>
<P><STRONG><a name="[343]"></a>pack_checksum_get_alg</STRONG> (Thumb, 8 bytes, Stack size 0 bytes, package_checksum.o(i.pack_checksum_get_alg))
<BR><BR>[Called By]<UL><LI><a href="#[347]">&gt;&gt;</a>&nbsp;&nbsp;&nbsp;pack_checksum_delete
<LI><a href="#[341]">&gt;&gt;</a>&nbsp;&nbsp;&nbsp;pack_checksum_check
<LI><a href="#[34c]">&gt;&gt;</a>&nbsp;&nbsp;&nbsp;pack_checksum_restore_checksum
<LI><a href="#[346]">&gt;&gt;</a>&nbsp;&nbsp;&nbsp;pack_checksum_init_head_data
<LI><a href="#[34d]">&gt;&gt;</a>&nbsp;&nbsp;&nbsp;pack_checksum_update_data
</UL>

<P><STRONG><a name="[345]"></a>pack_checksum_init</STRONG> (Thumb, 28 bytes, Stack size 16 bytes, package_checksum.o(i.pack_checksum_init))
<BR><BR>[Stack]<UL><LI>Max Depth = 64<LI>Call Chain = pack_checksum_init &rArr; pack_sha256_rsa2048_init &rArr; pack_sha256_init &rArr; pack_sha256_reset &rArr; mbedtls_sha256_init
</UL>
<BR>[Calls]<UL><LI><a href="#[168]">&gt;&gt;</a>&nbsp;&nbsp;&nbsp;__aeabi_memclr4
<LI><a href="#[349]">&gt;&gt;</a>&nbsp;&nbsp;&nbsp;pack_sha256_rsa2048_init
</UL>
<BR>[Called By]<UL><LI><a href="#[344]">&gt;&gt;</a>&nbsp;&nbsp;&nbsp;pack_checksum_create
</UL>

<P><STRONG><a name="[346]"></a>pack_checksum_init_head_data</STRONG> (Thumb, 110 bytes, Stack size 32 bytes, package_checksum.o(i.pack_checksum_init_head_data))
<BR><BR>[Stack]<UL><LI>Max Depth = 64<LI>Call Chain = pack_checksum_init_head_data &rArr; pack_get_params &rArr; pack_get_device &rArr; pack_init_pack_device &rArr; pack_wr_init
</UL>
<BR>[Calls]<UL><LI><a href="#[34b]">&gt;&gt;</a>&nbsp;&nbsp;&nbsp;pack_head_get_head_info
<LI><a href="#[343]">&gt;&gt;</a>&nbsp;&nbsp;&nbsp;pack_checksum_get_alg
<LI><a href="#[34a]">&gt;&gt;</a>&nbsp;&nbsp;&nbsp;pack_head_get_head_len
<LI><a href="#[342]">&gt;&gt;</a>&nbsp;&nbsp;&nbsp;pack_get_params
</UL>
<BR>[Called By]<UL><LI><a href="#[344]">&gt;&gt;</a>&nbsp;&nbsp;&nbsp;pack_checksum_create
<LI><a href="#[34d]">&gt;&gt;</a>&nbsp;&nbsp;&nbsp;pack_checksum_update_data
</UL>

<P><STRONG><a name="[34c]"></a>pack_checksum_restore_checksum</STRONG> (Thumb, 216 bytes, Stack size 64 bytes, package_checksum.o(i.pack_checksum_restore_checksum))
<BR><BR>[Stack]<UL><LI>Max Depth = 112<LI>Call Chain = pack_checksum_restore_checksum &rArr; pack_malloc &rArr; pack_get_params &rArr; pack_get_device &rArr; pack_init_pack_device &rArr; pack_wr_init
</UL>
<BR>[Calls]<UL><LI><a href="#[343]">&gt;&gt;</a>&nbsp;&nbsp;&nbsp;pack_checksum_get_alg
<LI><a href="#[28c]">&gt;&gt;</a>&nbsp;&nbsp;&nbsp;pack_malloc
<LI><a href="#[342]">&gt;&gt;</a>&nbsp;&nbsp;&nbsp;pack_get_params
<LI><a href="#[348]">&gt;&gt;</a>&nbsp;&nbsp;&nbsp;pack_free
</UL>
<BR>[Called By]<UL><LI><a href="#[34d]">&gt;&gt;</a>&nbsp;&nbsp;&nbsp;pack_checksum_update_data
</UL>

<P><STRONG><a name="[6c]"></a>pack_sha256_check</STRONG> (Thumb, 138 bytes, Stack size 56 bytes, package_checksum.o(i.pack_sha256_check))
<BR><BR>[Stack]<UL><LI>Max Depth = 432<LI>Call Chain = pack_sha256_check &rArr; mbedtls_sha256_finish &rArr; mbedtls_sha256_update &rArr; mbedtls_sha256_process
</UL>
<BR>[Calls]<UL><LI><a href="#[30c]">&gt;&gt;</a>&nbsp;&nbsp;&nbsp;mbedtls_sha256_finish
<LI><a href="#[266]">&gt;&gt;</a>&nbsp;&nbsp;&nbsp;memcmp
<LI><a href="#[342]">&gt;&gt;</a>&nbsp;&nbsp;&nbsp;pack_get_params
</UL>
<BR>[Address Reference Count : 1]<UL><LI> package_checksum.o(i.pack_sha256_init)
</UL>
<P><STRONG><a name="[6d]"></a>pack_sha256_destroy</STRONG> (Thumb, 16 bytes, Stack size 16 bytes, package_checksum.o(i.pack_sha256_destroy))
<BR><BR>[Stack]<UL><LI>Max Depth = 32<LI>Call Chain = pack_sha256_destroy &rArr; mbedtls_sha256_free &rArr; mbedtls_zeroize
</UL>
<BR>[Calls]<UL><LI><a href="#[30d]">&gt;&gt;</a>&nbsp;&nbsp;&nbsp;mbedtls_sha256_free
</UL>
<BR>[Address Reference Count : 1]<UL><LI> package_checksum.o(i.pack_sha256_init)
</UL>
<P><STRONG><a name="[6a]"></a>pack_sha256_reset</STRONG> (Thumb, 26 bytes, Stack size 16 bytes, package_checksum.o(i.pack_sha256_reset))
<BR><BR>[Stack]<UL><LI>Max Depth = 24<LI>Call Chain = pack_sha256_reset &rArr; mbedtls_sha256_init
</UL>
<BR>[Calls]<UL><LI><a href="#[309]">&gt;&gt;</a>&nbsp;&nbsp;&nbsp;mbedtls_sha256_init
<LI><a href="#[30a]">&gt;&gt;</a>&nbsp;&nbsp;&nbsp;mbedtls_sha256_starts
</UL>
<BR>[Called By]<UL><LI><a href="#[35b]">&gt;&gt;</a>&nbsp;&nbsp;&nbsp;pack_sha256_init
</UL>
<BR>[Address Reference Count : 1]<UL><LI> package_checksum.o(i.pack_sha256_init)
</UL>
<P><STRONG><a name="[6e]"></a>pack_sha256_rsa2048_check</STRONG> (Thumb, 390 bytes, Stack size 88 bytes, package_checksum.o(i.pack_sha256_rsa2048_check))
<BR><BR>[Stack]<UL><LI>Max Depth = 3464<LI>Call Chain = pack_sha256_rsa2048_check &rArr; mbedtls_rsa_pkcs1_verify &rArr; mbedtls_rsa_rsassa_pss_verify &rArr; mbedtls_rsa_rsassa_pss_verify_ext &rArr; mbedtls_rsa_private &rArr; rsa_prepare_blinding &rArr; mbedtls_mpi_exp_mod &rArr; mbedtls_mpi_mod_mpi &rArr; mbedtls_mpi_div_mpi &rArr; mbedtls_mpi_mul_int &rArr; mbedtls_mpi_mul_mpi &rArr; mbedtls_mpi_copy &rArr; mbedtls_mpi_grow &rArr; mbedtls_mpi_zeroize
</UL>
<BR>[Calls]<UL><LI><a href="#[2fa]">&gt;&gt;</a>&nbsp;&nbsp;&nbsp;mbedtls_rsa_pkcs1_verify
<LI><a href="#[2f8]">&gt;&gt;</a>&nbsp;&nbsp;&nbsp;mbedtls_rsa_init
<LI><a href="#[2f7]">&gt;&gt;</a>&nbsp;&nbsp;&nbsp;mbedtls_rsa_free
<LI><a href="#[2f6]">&gt;&gt;</a>&nbsp;&nbsp;&nbsp;mbedtls_rsa_check_pubkey
<LI><a href="#[30c]">&gt;&gt;</a>&nbsp;&nbsp;&nbsp;mbedtls_sha256_finish
<LI><a href="#[2f0]">&gt;&gt;</a>&nbsp;&nbsp;&nbsp;mbedtls_mpi_read_string
<LI><a href="#[35c]">&gt;&gt;</a>&nbsp;&nbsp;&nbsp;pack_head_get_key
<LI><a href="#[28c]">&gt;&gt;</a>&nbsp;&nbsp;&nbsp;pack_malloc
<LI><a href="#[342]">&gt;&gt;</a>&nbsp;&nbsp;&nbsp;pack_get_params
<LI><a href="#[348]">&gt;&gt;</a>&nbsp;&nbsp;&nbsp;pack_free
</UL>
<BR>[Address Reference Count : 1]<UL><LI> package_checksum.o(i.pack_sha256_rsa2048_init)
</UL>
<P><STRONG><a name="[6b]"></a>pack_sha256_update</STRONG> (Thumb, 30 bytes, Stack size 24 bytes, package_checksum.o(i.pack_sha256_update))
<BR><BR>[Stack]<UL><LI>Max Depth = 360<LI>Call Chain = pack_sha256_update &rArr; mbedtls_sha256_update &rArr; mbedtls_sha256_process
</UL>
<BR>[Calls]<UL><LI><a href="#[30b]">&gt;&gt;</a>&nbsp;&nbsp;&nbsp;mbedtls_sha256_update
</UL>
<BR>[Address Reference Count : 1]<UL><LI> package_checksum.o(i.pack_sha256_init)
</UL>
<P><STRONG><a name="[356]"></a>pack_head_get_checksum_attribute</STRONG> (Thumb, 4 bytes, Stack size 0 bytes, package_head.o(i.pack_head_get_checksum_attribute))
<BR><BR>[Called By]<UL><LI><a href="#[355]">&gt;&gt;</a>&nbsp;&nbsp;&nbsp;pack_head_parse_tlvs
</UL>

<P><STRONG><a name="[7d]"></a>pack_head_handle_bin_type_tlv</STRONG> (Thumb, 90 bytes, Stack size 24 bytes, package_head.o(i.pack_head_handle_bin_type_tlv))
<BR><BR>[Stack]<UL><LI>Max Depth = 56<LI>Call Chain = pack_head_handle_bin_type_tlv &rArr; pack_get_params &rArr; pack_get_device &rArr; pack_init_pack_device &rArr; pack_wr_init
</UL>
<BR>[Calls]<UL><LI><a href="#[342]">&gt;&gt;</a>&nbsp;&nbsp;&nbsp;pack_get_params
</UL>
<BR>[Address Reference Count : 1]<UL><LI> package_head.o(.constdata)
</UL>
<P><STRONG><a name="[7c]"></a>pack_head_handle_checksum_tlv</STRONG> (Thumb, 98 bytes, Stack size 24 bytes, package_head.o(i.pack_head_handle_checksum_tlv))
<BR><BR>[Stack]<UL><LI>Max Depth = 72<LI>Call Chain = pack_head_handle_checksum_tlv &rArr; pack_malloc &rArr; pack_get_params &rArr; pack_get_device &rArr; pack_init_pack_device &rArr; pack_wr_init
</UL>
<BR>[Calls]<UL><LI><a href="#[85]">&gt;&gt;</a>&nbsp;&nbsp;&nbsp;__aeabi_memclr
<LI><a href="#[186]">&gt;&gt;</a>&nbsp;&nbsp;&nbsp;__aeabi_memcpy
<LI><a href="#[28c]">&gt;&gt;</a>&nbsp;&nbsp;&nbsp;pack_malloc
<LI><a href="#[342]">&gt;&gt;</a>&nbsp;&nbsp;&nbsp;pack_get_params
<LI><a href="#[348]">&gt;&gt;</a>&nbsp;&nbsp;&nbsp;pack_free
</UL>
<BR>[Address Reference Count : 1]<UL><LI> package_head.o(.constdata)
</UL>
<P><STRONG><a name="[350]"></a>pack_head_is_done</STRONG> (Thumb, 24 bytes, Stack size 0 bytes, package_head.o(i.pack_head_is_done))
<BR><BR>[Called By]<UL><LI><a href="#[34b]">&gt;&gt;</a>&nbsp;&nbsp;&nbsp;pack_head_get_head_info
<LI><a href="#[34a]">&gt;&gt;</a>&nbsp;&nbsp;&nbsp;pack_head_get_head_len
<LI><a href="#[34f]">&gt;&gt;</a>&nbsp;&nbsp;&nbsp;pack_head_check
</UL>

<P><STRONG><a name="[355]"></a>pack_head_parse_tlvs</STRONG> (Thumb, 266 bytes, Stack size 72 bytes, package_head.o(i.pack_head_parse_tlvs))
<BR><BR>[Stack]<UL><LI>Max Depth = 152<LI>Call Chain = pack_head_parse_tlvs &rArr; pack_checksum_create &rArr; pack_checksum_init_head_data &rArr; pack_get_params &rArr; pack_get_device &rArr; pack_init_pack_device &rArr; pack_wr_init
</UL>
<BR>[Calls]<UL><LI><a href="#[356]">&gt;&gt;</a>&nbsp;&nbsp;&nbsp;pack_head_get_checksum_attribute
<LI><a href="#[347]">&gt;&gt;</a>&nbsp;&nbsp;&nbsp;pack_checksum_delete
<LI><a href="#[344]">&gt;&gt;</a>&nbsp;&nbsp;&nbsp;pack_checksum_create
<LI><a href="#[342]">&gt;&gt;</a>&nbsp;&nbsp;&nbsp;pack_get_params
</UL>
<BR>[Called By]<UL><LI><a href="#[353]">&gt;&gt;</a>&nbsp;&nbsp;&nbsp;pack_head_parse
</UL>

<P><STRONG><a name="[361]"></a>pack_wr_begin_not_aligned</STRONG> (Thumb, 286 bytes, Stack size 48 bytes, package_writer.o(i.pack_wr_begin_not_aligned))
<BR><BR>[Stack]<UL><LI>Max Depth = 640<LI>Call Chain = pack_wr_begin_not_aligned &rArr; pack_write_data &rArr; flag_enable_hwpatch &rArr; flag_set_recover_verify &rArr; save_flag &rArr; flag_write &rArr; __aeabi_memcpy
</UL>
<BR>[Calls]<UL><LI><a href="#[186]">&gt;&gt;</a>&nbsp;&nbsp;&nbsp;__aeabi_memcpy
<LI><a href="#[362]">&gt;&gt;</a>&nbsp;&nbsp;&nbsp;pack_write_data
<LI><a href="#[28c]">&gt;&gt;</a>&nbsp;&nbsp;&nbsp;pack_malloc
<LI><a href="#[342]">&gt;&gt;</a>&nbsp;&nbsp;&nbsp;pack_get_params
</UL>
<BR>[Called By]<UL><LI><a href="#[35d]">&gt;&gt;</a>&nbsp;&nbsp;&nbsp;pack_wr_write
</UL>

<P><STRONG><a name="[365]"></a>pack_wr_end_not_aligned_block</STRONG> (Thumb, 94 bytes, Stack size 32 bytes, package_writer.o(i.pack_wr_end_not_aligned_block))
<BR><BR>[Stack]<UL><LI>Max Depth = 80<LI>Call Chain = pack_wr_end_not_aligned_block &rArr; pack_malloc &rArr; pack_get_params &rArr; pack_get_device &rArr; pack_init_pack_device &rArr; pack_wr_init
</UL>
<BR>[Calls]<UL><LI><a href="#[186]">&gt;&gt;</a>&nbsp;&nbsp;&nbsp;__aeabi_memcpy
<LI><a href="#[28c]">&gt;&gt;</a>&nbsp;&nbsp;&nbsp;pack_malloc
<LI><a href="#[342]">&gt;&gt;</a>&nbsp;&nbsp;&nbsp;pack_get_params
</UL>
<BR>[Called By]<UL><LI><a href="#[35d]">&gt;&gt;</a>&nbsp;&nbsp;&nbsp;pack_wr_write
</UL>

<P><STRONG><a name="[366]"></a>pack_wr_entire_blocks</STRONG> (Thumb, 106 bytes, Stack size 48 bytes, package_writer.o(i.pack_wr_entire_blocks))
<BR><BR>[Stack]<UL><LI>Max Depth = 640<LI>Call Chain = pack_wr_entire_blocks &rArr; pack_write_data &rArr; flag_enable_hwpatch &rArr; flag_set_recover_verify &rArr; save_flag &rArr; flag_write &rArr; __aeabi_memcpy
</UL>
<BR>[Calls]<UL><LI><a href="#[362]">&gt;&gt;</a>&nbsp;&nbsp;&nbsp;pack_write_data
<LI><a href="#[342]">&gt;&gt;</a>&nbsp;&nbsp;&nbsp;pack_get_params
</UL>
<BR>[Called By]<UL><LI><a href="#[35d]">&gt;&gt;</a>&nbsp;&nbsp;&nbsp;pack_wr_write
</UL>

<P><STRONG><a name="[362]"></a>pack_write_data</STRONG> (Thumb, 44 bytes, Stack size 24 bytes, package_writer.o(i.pack_write_data))
<BR><BR>[Stack]<UL><LI>Max Depth = 592<LI>Call Chain = pack_write_data &rArr; flag_enable_hwpatch &rArr; flag_set_recover_verify &rArr; save_flag &rArr; flag_write &rArr; __aeabi_memcpy
</UL>
<BR>[Calls]<UL><LI><a href="#[272]">&gt;&gt;</a>&nbsp;&nbsp;&nbsp;flag_enable_hwpatch
</UL>
<BR>[Called By]<UL><LI><a href="#[367]">&gt;&gt;</a>&nbsp;&nbsp;&nbsp;pack_wr_write_stored_data
<LI><a href="#[366]">&gt;&gt;</a>&nbsp;&nbsp;&nbsp;pack_wr_entire_blocks
<LI><a href="#[361]">&gt;&gt;</a>&nbsp;&nbsp;&nbsp;pack_wr_begin_not_aligned
</UL>

<P><STRONG><a name="[15c]"></a>_fp_digits</STRONG> (Thumb, 366 bytes, Stack size 64 bytes, printfa.o(i._fp_digits), UNUSED)
<BR><BR>[Calls]<UL><LI><a href="#[93]">&gt;&gt;</a>&nbsp;&nbsp;&nbsp;__aeabi_ddiv
<LI><a href="#[9b]">&gt;&gt;</a>&nbsp;&nbsp;&nbsp;__aeabi_d2ulz
<LI><a href="#[92]">&gt;&gt;</a>&nbsp;&nbsp;&nbsp;__aeabi_dmul
<LI><a href="#[8c]">&gt;&gt;</a>&nbsp;&nbsp;&nbsp;__aeabi_dadd
<LI><a href="#[15d]">&gt;&gt;</a>&nbsp;&nbsp;&nbsp;__aeabi_cdrcmple
<LI><a href="#[80]">&gt;&gt;</a>&nbsp;&nbsp;&nbsp;__aeabi_uldivmod
</UL>
<BR>[Called By]<UL><LI><a href="#[157]">&gt;&gt;</a>&nbsp;&nbsp;&nbsp;_printf_core
</UL>

<P><STRONG><a name="[157]"></a>_printf_core</STRONG> (Thumb, 1744 bytes, Stack size 136 bytes, printfa.o(i._printf_core), UNUSED)
<BR><BR>[Calls]<UL><LI><a href="#[80]">&gt;&gt;</a>&nbsp;&nbsp;&nbsp;__aeabi_uldivmod
<LI><a href="#[160]">&gt;&gt;</a>&nbsp;&nbsp;&nbsp;__aeabi_uidivmod
<LI><a href="#[15e]">&gt;&gt;</a>&nbsp;&nbsp;&nbsp;_printf_pre_padding
<LI><a href="#[15f]">&gt;&gt;</a>&nbsp;&nbsp;&nbsp;_printf_post_padding
<LI><a href="#[15c]">&gt;&gt;</a>&nbsp;&nbsp;&nbsp;_fp_digits
</UL>
<BR>[Called By]<UL><LI><a href="#[15b]">&gt;&gt;</a>&nbsp;&nbsp;&nbsp;__0vsnprintf
<LI><a href="#[15a]">&gt;&gt;</a>&nbsp;&nbsp;&nbsp;__0sprintf
<LI><a href="#[159]">&gt;&gt;</a>&nbsp;&nbsp;&nbsp;__0snprintf
<LI><a href="#[158]">&gt;&gt;</a>&nbsp;&nbsp;&nbsp;__0printf
<LI><a href="#[156]">&gt;&gt;</a>&nbsp;&nbsp;&nbsp;__0fprintf
</UL>

<P><STRONG><a name="[15f]"></a>_printf_post_padding</STRONG> (Thumb, 36 bytes, Stack size 24 bytes, printfa.o(i._printf_post_padding), UNUSED)
<BR><BR>[Called By]<UL><LI><a href="#[157]">&gt;&gt;</a>&nbsp;&nbsp;&nbsp;_printf_core
</UL>

<P><STRONG><a name="[15e]"></a>_printf_pre_padding</STRONG> (Thumb, 46 bytes, Stack size 24 bytes, printfa.o(i._printf_pre_padding), UNUSED)
<BR><BR>[Called By]<UL><LI><a href="#[157]">&gt;&gt;</a>&nbsp;&nbsp;&nbsp;_printf_core
</UL>

<P><STRONG><a name="[23]"></a>_snputc</STRONG> (Thumb, 22 bytes, Stack size 0 bytes, printfa.o(i._snputc))
<BR>[Address Reference Count : 2]<UL><LI> printfa.o(i.__0snprintf)
<LI> printfa.o(i.__0vsnprintf)
</UL>
<P><STRONG><a name="[24]"></a>_sputc</STRONG> (Thumb, 10 bytes, Stack size 0 bytes, printfa.o(i._sputc))
<BR><BR>[Called By]<UL><LI><a href="#[15a]">&gt;&gt;</a>&nbsp;&nbsp;&nbsp;__0sprintf
</UL>
<BR>[Address Reference Count : 1]<UL><LI> printfa.o(i.__0sprintf)
</UL>
<P><STRONG><a name="[1e]"></a>_scanf_char_input</STRONG> (Thumb, 12 bytes, Stack size 0 bytes, scanf_char.o(.text))
<BR>[Address Reference Count : 1]<UL><LI> scanf_char.o(.text)
</UL><P>
<H3>
Undefined Global Symbols
</H3><HR></body></html>
